<html>
<body>
<pre>
<h1>µVision Build Log</h1>
<h2>Tool Versions:</h2>
IDE-Version: ¦ÌVision V5.25.2.0
Copyright (C) 2018 ARM Ltd and ARM Germany GmbH. All rights reserved.
License Information: yanxin Microsoft, Microsoft, LIC=----
 
Tool Versions:
Toolchain:       MDK-Lite  Version: 5.25.2.0
Toolchain Path:  H:\keil5\ARM\ARMCC\Bin
C Compiler:      Armcc.exe V5.06 update 6 (build 750)
Assembler:       Armasm.exe V5.06 update 6 (build 750)
Linker/Locator:  ArmLink.exe V5.06 update 6 (build 750)
Library Manager: ArmAr.exe V5.06 update 6 (build 750)
Hex Converter:   FromElf.exe V5.06 update 6 (build 750)
CPU DLL:         SARMCM3.DLL V5.25.2.0
Dialog DLL:      DARMSTM.DLL V1.68.0.0
Target DLL:      Segger\JL2CM3.dll V2.99.29.0
Dialog DLL:      TARMSTM.DLL V1.66.0.0
 
<h2>Project:</h2>
H:\keil\myTemplate\mydesign - ¸±±¾\USER\DHT11.uvproj
Project File Date:  11/14/2018

<h2>Output:</h2>
*** Using Compiler 'V5.06 update 6 (build 750)', folder: 'H:\keil5\ARM\ARMCC\Bin'
Rebuild target 'Target 1'
compiling stm32f10x_it.c...
compiling system_stm32f10x.c...
compiling main.c...
..\HARDWARE\MQ135ADC\mq135adc.h(18): warning:  #1295-D: Deprecated declaration MQ135ADC_Init - give arg types
  void MQ135ADC_Init();
main.c(51): warning:  #177-D: variable "co2Value"  was declared but never referenced
  	float ch2oValue,pm25Value,pm10Value,co2Value;
main.c(53): warning:  #177-D: variable "co2FinalValue"  was declared but never referenced
  	double pm25FinalValue,pm10FinalValue,pm25MiddleValue,pm10MiddleValue,co2FinalValue;
main.c(325): warning:  #167-D: argument of type "u8 *" is incompatible with parameter of type "const char *"
  			if (strstr(USART3_RX_BUF, Response) != NULL)
main.c(328): warning:  #167-D: argument of type "u8 *" is incompatible with parameter of type "const char *restrict"
  				printf(USART3_RX_BUF);
main.c(337): warning:  #167-D: argument of type "u8 *" is incompatible with parameter of type "const char *restrict"
  	printf(USART3_RX_BUF);
main.c(346): warning:  #167-D: argument of type "u8 *" is incompatible with parameter of type "const char *"
  		newrlen = strlen(USART3_RX_BUF);
main.c(343): warning:  #550-D: variable "rlen"  was set but never used
  	u16 rlen = 0,newrlen=0;
main.c(394): warning:  #1-D: last line of file ends without a newline
  }
main.c: 9 warnings, 0 errors
compiling led.c...
compiling key.c...
compiling dht11.c...
compiling oled.c...
compiling lcd.c...
compiling dma.c...
compiling ds18b20.c...
compiling uart4.c...
..\HARDWARE\UART4\uart4.c(99): warning:  #14-D: extra text after expected end of preprocessing directive
  #endif*/
..\HARDWARE\UART4\uart4.c(90): warning:  #177-D: variable "Res"  was declared but never referenced
  	u8 Res;
..\HARDWARE\UART4\uart4.c: 2 warnings, 0 errors
compiling usart3.c...
..\HARDWARE\USART3\usart3.c(26): warning:  #177-D: variable "rlen"  was declared but never referenced
  	u16 rlen=0;
..\HARDWARE\USART3\usart3.c: 1 warning, 0 errors
compiling usart2.c...
..\HARDWARE\USART2\usart2.c(142): warning:  #177-D: variable "p"  was declared but never referenced
  	u8 *p;
..\HARDWARE\USART2\usart2.c(147): warning:  #177-D: variable "j"  was declared but never referenced
  	uint8_t j=0;
..\HARDWARE\USART2\usart2.c: 2 warnings, 0 errors
compiling timer.c...
compiling common.c...
..\HARDWARE\ESP8266\common.c(144): warning:  #1-D: last line of file ends without a newline
  }
..\HARDWARE\ESP8266\common.c: 1 warning, 0 errors
compiling mq135adc.c...
..\HARDWARE\MQ135ADC\mq135adc.h(18): warning:  #1295-D: Deprecated declaration MQ135ADC_Init - give arg types
  void MQ135ADC_Init();
..\HARDWARE\MQ135ADC\mq135adc.c: 1 warning, 0 errors
compiling sys.c...
compiling delay.c...
assembling startup_stm32f10x_hd.s...
compiling usart.c...
compiling core_cm3.c...
compiling stm32f10x_fsmc.c...
compiling misc.c...
compiling stm32f10x_gpio.c...
compiling stm32f10x_adc.c...
compiling stm32f10x_rcc.c...
compiling stm32f10x_usart.c...
compiling stm32f10x_exti.c...
compiling stm32f10x_dma.c...
compiling stm32f10x_tim.c...
linking...
Program Size: Code=24654 RO-data=2922 RW-data=1896 ZI-data=4136  
FromELF: creating hex file...
"..\OBJ\DHT11.axf" - 0 Error(s), 16 Warning(s).
Build Time Elapsed:  00:00:08
</pre>
</body>
</html>
