Component: ARM Compiler 5.06 update 6 (build 750) Tool: armlink [4d35ed]

==============================================================================

Section Cross References

    main.o(.text) refers to _printf_percent.o(.ARM.Collect$$_printf_percent$$00000000) for _printf_percent
    main.o(.text) refers to _printf_s.o(.ARM.Collect$$_printf_percent$$00000014) for _printf_s
    main.o(.text) refers to _printf_str.o(.text) for _printf_str
    main.o(.text) refers to _printf_d.o(.ARM.Collect$$_printf_percent$$00000009) for _printf_d
    main.o(.text) refers to _printf_dec.o(.text) for _printf_int_dec
    main.o(.text) refers to _printf_f.o(.ARM.Collect$$_printf_percent$$00000003) for _printf_f
    main.o(.text) refers to printf1.o(x$fpl$printf1) for _printf_fp_dec
    main.o(.text) refers to _printf_pad.o(.text) for _printf_pre_padding
    main.o(.text) refers to strlen.o(.text) for strlen
    main.o(.text) refers to __2printf.o(.text) for __2printf
    main.o(.text) refers to strcmpv7m.o(.text) for strcmp
    main.o(.text) refers to usart3.o(.text) for USART3_CLR_Buf
    main.o(.text) refers to delay.o(.text) for delay_ms
    main.o(.text) refers to strstr.o(.text) for strstr
    main.o(.text) refers to c89printf.o(.text) for __c89printf
    main.o(.text) refers to drleqf.o(x$fpl$drleqf) for __aeabi_cdrcmple
    main.o(.text) refers to daddsub_clz.o(x$fpl$dadd) for __aeabi_dadd
    main.o(.text) refers to ddiv.o(x$fpl$ddiv) for __aeabi_ddiv
    main.o(.text) refers to daddsub_clz.o(x$fpl$dsub) for __aeabi_dsub
    main.o(.text) refers to daddsub_clz.o(x$fpl$drsb) for __aeabi_drsub
    main.o(.text) refers to rt_memclr_w.o(.text) for __aeabi_memclr4
    main.o(.text) refers to misc.o(.text) for NVIC_PriorityGroupConfig
    main.o(.text) refers to usart.o(.text) for uart_init
    main.o(.text) refers to usart2.o(.text) for uart2_init
    main.o(.text) refers to uart4.o(.text) for UART4_Init
    main.o(.text) refers to led.o(.text) for LED_Init
    main.o(.text) refers to oled.o(.text) for OLED_Init
    main.o(.text) refers to usart3.o(.data) for USART3_RX_STA
    main.o(.text) refers to usart3.o(.bss) for USART3_RX_BUF
    main.o(.text) refers to main.o(.data) for start_flag
    main.o(.text) refers to strcpy.o(.text) for strcpy
    main.o(.text) refers to strcat.o(.text) for strcat
    main.o(.text) refers to __2sprintf.o(.text) for __2sprintf
    main.o(.text) refers to dht11.o(.text) for DHT11_Read_Data
    main.o(.text) refers to fflt_clz.o(x$fpl$fflt) for __aeabi_i2f
    main.o(.text) refers to f2d.o(x$fpl$f2d) for __aeabi_f2d
    main.o(.text) refers to dleqf.o(x$fpl$dleqf) for __aeabi_cdcmple
    main.o(.text) refers to usart2.o(.bss) for USART2_RX_BUF
    main.o(.text) refers to uart4.o(.bss) for UART4_RX_BUF
    main.o(.text) refers to fflt_clz.o(x$fpl$ffltu) for __aeabi_ui2f
    system_stm32f10x.o(.text) refers to system_stm32f10x.o(.data) for SystemCoreClock
    led.o(.text) refers to stm32f10x_rcc.o(.text) for RCC_APB2PeriphClockCmd
    led.o(.text) refers to stm32f10x_gpio.o(.text) for GPIO_Init
    key.o(.text) refers to stm32f10x_rcc.o(.text) for RCC_APB2PeriphClockCmd
    key.o(.text) refers to stm32f10x_gpio.o(.text) for GPIO_Init
    key.o(.text) refers to delay.o(.text) for delay_ms
    key.o(.text) refers to key.o(.data) for key_up
    lcd.o(.text) refers to _printf_percent.o(.ARM.Collect$$_printf_percent$$00000000) for _printf_percent
    lcd.o(.text) refers to _printf_x.o(.ARM.Collect$$_printf_percent$$0000000C) for _printf_x
    lcd.o(.text) refers to _printf_hex_int_ll_ptr.o(.text) for _printf_longlong_hex
    lcd.o(.text) refers to delay.o(.text) for delay_us
    lcd.o(.text) refers to lcd.o(.bss) for lcddev
    lcd.o(.text) refers to lcd.o(.data) for POINT_COLOR
    lcd.o(.text) refers to stm32f10x_rcc.o(.text) for RCC_AHBPeriphClockCmd
    lcd.o(.text) refers to stm32f10x_gpio.o(.text) for GPIO_Init
    lcd.o(.text) refers to stm32f10x_fsmc.o(.text) for FSMC_NORSRAMInit
    lcd.o(.text) refers to __2printf.o(.text) for __2printf
    lcd.o(.text) refers to lcd.o(.constdata) for asc2_1206
    dht11.o(.text) refers to delay.o(.text) for delay_ms
    dht11.o(.text) refers to stm32f10x_rcc.o(.text) for RCC_APB2PeriphClockCmd
    dht11.o(.text) refers to stm32f10x_gpio.o(.text) for GPIO_Init
    oled.o(.text) refers to stm32f10x_gpio.o(.text) for GPIO_SetBits
    oled.o(.text) refers to fleqf.o(x$fpl$fleqf) for __aeabi_cfcmple
    oled.o(.text) refers to faddsub_clz.o(x$fpl$frsb) for __aeabi_frsub
    oled.o(.text) refers to ffix.o(x$fpl$ffix) for __aeabi_f2iz
    oled.o(.text) refers to fflt_clz.o(x$fpl$fflt) for __aeabi_i2f
    oled.o(.text) refers to fmul.o(x$fpl$fmul) for __aeabi_fmul
    oled.o(.text) refers to oled.o(.constdata) for F8X16
    oled.o(.text) refers to oled.o(.data) for Hzk
    oled.o(.text) refers to stm32f10x_rcc.o(.text) for RCC_APB2PeriphClockCmd
    oled.o(.text) refers to delay.o(.text) for delay_ms
[...]
    __lcnum_c_point                          0x08006aa4   Data           0  lc_numeric_c.o(locale$$data)
    __lcnum_c_thousands                      0x08006aa6   Data           0  lc_numeric_c.o(locale$$data)
    __lcnum_c_grouping                       0x08006aa7   Data           0  lc_numeric_c.o(locale$$data)
    locale$$data                             0x08006aa8   Section      272  lc_ctype_c.o(locale$$data)
    __lcnum_c_end                            0x08006aa8   Data           0  lc_numeric_c.o(locale$$data)
    __lcctype_c_name                         0x08006aac   Data           2  lc_ctype_c.o(locale$$data)
    __lcctype_c_start                        0x08006ab4   Data           0  lc_ctype_c.o(locale$$data)
    __lcctype_c_end                          0x08006bb8   Data           0  lc_ctype_c.o(locale$$data)
    .data                                    0x20000000   Section       36  main.o(.data)
    .data                                    0x20000024   Section       20  system_stm32f10x.o(.data)
    .data                                    0x20000038   Section     1792  oled.o(.data)
    .data                                    0x20000738   Section        3  uart4.o(.data)
    .data                                    0x2000073c   Section        6  usart3.o(.data)
    .data                                    0x20000742   Section        3  usart2.o(.data)
    .data                                    0x20000746   Section        4  delay.o(.data)
    fac_us                                   0x20000746   Data           1  delay.o(.data)
    fac_ms                                   0x20000748   Data           2  delay.o(.data)
    .data                                    0x2000074c   Section        6  usart.o(.data)
    .data                                    0x20000752   Section       20  stm32f10x_rcc.o(.data)
    APBAHBPrescTable                         0x20000752   Data          16  stm32f10x_rcc.o(.data)
    ADCPrescTable                            0x20000762   Data           4  stm32f10x_rcc.o(.data)
    .bss                                     0x20000768   Section      900  uart4.o(.bss)
    .bss                                     0x20000aec   Section     1200  usart3.o(.bss)
    .bss                                     0x20000f9c   Section      200  usart2.o(.bss)
    .bss                                     0x20001064   Section      200  usart.o(.bss)
    .bss                                     0x2000112c   Section       96  libspace.o(.bss)
    HEAP                                     0x20001190   Section      512  startup_stm32f10x_hd.o(HEAP)
    Heap_Mem                                 0x20001190   Data         512  startup_stm32f10x_hd.o(HEAP)
    STACK                                    0x20001390   Section     1024  startup_stm32f10x_hd.o(STACK)
    Stack_Mem                                0x20001390   Data        1024  startup_stm32f10x_hd.o(STACK)
    __initial_sp                             0x20001790   Data           0  startup_stm32f10x_hd.o(STACK)

    Global Symbols

    Symbol Name                              Value     Ov Type        Size  Object(Section)

    BuildAttributes$$THM_ISAv4$P$D$K$B$S$PE$A:L22UL41UL21$X:L11$S22US41US21$IEEE1$IW$USESV6$~STKCKD$USESV7$~SHL$OTIME$ROPI$IEEEJ$EBA8$UX$STANDARDLIB$REQ8$PRES8$EABIv2 0x00000000   Number         0  anon$$obj.o ABSOLUTE
    __ARM_use_no_argv                        0x00000000   Number         0  main.o ABSOLUTE
    _printf_flags                            0x00000000   Number         0  printf_stubs.o ABSOLUTE
    _printf_return_value                     0x00000000   Number         0  printf_stubs.o ABSOLUTE
    _printf_sizespec                         0x00000000   Number         0  printf_stubs.o ABSOLUTE
    _printf_widthprec                        0x00000000   Number         0  printf_stubs.o ABSOLUTE
    __ARM_exceptions_init                     - Undefined Weak Reference
    __alloca_initialize                       - Undefined Weak Reference
    __arm_preinit_                            - Undefined Weak Reference
    __cpp_initialize__aeabi_                  - Undefined Weak Reference
    __cxa_finalize                            - Undefined Weak Reference
    __sigvec_lookup                           - Undefined Weak Reference
    _atexit_init                              - Undefined Weak Reference
    _call_atexit_fns                          - Undefined Weak Reference
    _clock_init                               - Undefined Weak Reference
    _fp_trap_init                             - Undefined Weak Reference
    _fp_trap_shutdown                         - Undefined Weak Reference
    _get_lc_collate                           - Undefined Weak Reference
    _get_lc_monetary                          - Undefined Weak Reference
    _get_lc_time                              - Undefined Weak Reference
    _getenv_init                              - Undefined Weak Reference
    _handle_redirection                       - Undefined Weak Reference
    _init_alloc                               - Undefined Weak Reference
    _init_user_alloc                          - Undefined Weak Reference
    _initio                                   - Undefined Weak Reference
    _mutex_acquire                            - Undefined Weak Reference
    _mutex_release                            - Undefined Weak Reference
    _printf_fp_hex                            - Undefined Weak Reference
    _printf_mbtowc                            - Undefined Weak Reference
    _printf_wc                                - Undefined Weak Reference
    _rand_init                                - Undefined Weak Reference
    _signal_finish                            - Undefined Weak Reference
    _signal_init                              - Undefined Weak Reference
    _terminate_alloc                          - Undefined Weak Reference
    _terminate_user_alloc                     - Undefined Weak Reference
    _terminateio                              - Undefined Weak Reference
    __Vectors_Size                           0x00000130   Number         0  startup_stm32f10x_hd.o ABSOLUTE
    __Vectors                                0x08000000   Data           4  startup_stm32f10x_hd.o(RESET)
    __Vectors_End                            0x08000130   Data           0  startup_stm32f10x_hd.o(RESET)
    __main                                   0x08000131   Thumb Code     8  __main.o(!!!main)
    __scatterload                            0x08000139   Thumb Code     0  __scatter.o(!!!scatter)
    __scatterload_rt2                        0x08000139   Thumb Code    44  __scatter.o(!!!scatter)
    __scatterload_rt2_thumb_only             0x08000139   Thumb Code     0  __scatter.o(!!!scatter)
    __scatterload_null                       0x08000147   Thumb Code     0  __scatter.o(!!!scatter)
    __decompress                             0x0800016d   Thumb Code    90  __dczerorl2.o(!!dczerorl2)
    __decompress1                            0x0800016d   Thumb Code     0  __dczerorl2.o(!!dczerorl2)
    __scatterload_zeroinit                   0x080001c9   Thumb Code    28  __scatter_zi.o(!!handler_zi)
    _printf_n                                0x080001e5   Thumb Code     0  _printf_n.o(.ARM.Collect$$_printf_percent$$00000001)
    _printf_percent                          0x080001e5   Thumb Code     0  _printf_percent.o(.ARM.Collect$$_printf_percent$$00000000)
    _printf_p                                0x080001eb   Thumb Code     0  _printf_p.o(.ARM.Collect$$_printf_percent$$00000002)
    _printf_f                                0x080001f1   Thumb Code     0  _printf_f.o(.ARM.Collect$$_printf_percent$$00000003)
    _printf_e                                0x080001f7   Thumb Code     0  _printf_e.o(.ARM.Collect$$_printf_percent$$00000004)
    _printf_g                                0x080001fd   Thumb Code     0  _printf_g.o(.ARM.Collect$$_printf_percent$$00000005)
    _printf_a                                0x08000203   Thumb Code     0  _printf_a.o(.ARM.Collect$$_printf_percent$$00000006)
    _printf_ll                               0x08000209   Thumb Code     0  _printf_ll.o(.ARM.Collect$$_printf_percent$$00000007)
    _printf_i                                0x08000213   Thumb Code     0  _printf_i.o(.ARM.Collect$$_printf_percent$$00000008)
    _printf_d                                0x08000219   Thumb Code     0  _printf_d.o(.ARM.Collect$$_printf_percent$$00000009)
    _printf_u                                0x0800021f   Thumb Code     0  _printf_u.o(.ARM.Collect$$_printf_percent$$0000000A)
    _printf_o                                0x08000225   Thumb Code     0  _printf_o.o(.ARM.Collect$$_printf_percent$$0000000B)
    _printf_x                                0x0800022b   Thumb Code     0  _printf_x.o(.ARM.Collect$$_printf_percent$$0000000C)
    _printf_lli                              0x08000231   Thumb Code     0  _printf_lli.o(.ARM.Collect$$_printf_percent$$0000000D)
    _printf_lld                              0x08000237   Thumb Code     0  _printf_lld.o(.ARM.Collect$$_printf_percent$$0000000E)
    _printf_llu                              0x0800023d   Thumb Code     0  _printf_llu.o(.ARM.Collect$$_printf_percent$$0000000F)
    _printf_llo                              0x08000243   Thumb Code     0  _printf_llo.o(.ARM.Collect$$_printf_percent$$00000010)
    _printf_llx                              0x08000249   Thumb Code     0  _printf_llx.o(.ARM.Collect$$_printf_percent$$00000011)
    _printf_l                                0x0800024f   Thumb Code     0  _printf_l.o(.ARM.Collect$$_printf_percent$$00000012)
    _printf_c                                0x08000259   Thumb Code     0  _printf_c.o(.ARM.Collect$$_printf_percent$$00000013)
    _printf_s                                0x0800025f   Thumb Code     0  _printf_s.o(.ARM.Collect$$_printf_percent$$00000014)
    _printf_lc                               0x08000265   Thumb Code     0  _printf_lc.o(.ARM.Collect$$_printf_percent$$00000015)
    _printf_ls                               0x0800026b   Thumb Code     0  _printf_ls.o(.ARM.Collect$$_printf_percent$$00000016)
    _printf_percent_end                      0x08000271   Thumb Code     0  _printf_percent_end.o(.ARM.Collect$$_printf_percent$$00000017)
    __rt_lib_init                            0x08000275   Thumb Code     0  libinit.o(.ARM.Collect$$libinit$$00000000)
    __rt_lib_init_fp_1                       0x08000277   Thumb Code     0  libinit2.o(.ARM.Collect$$libinit$$00000002)
    __rt_lib_init_heap_1                     0x08000277   Thumb Code     0  libinit2.o(.ARM.Collect$$libinit$$0000000A)
    __rt_lib_init_lc_common                  0x08000277   Thumb Code     0  libinit2.o(.ARM.Collect$$libinit$$0000000F)
    __rt_lib_init_preinit_1                  0x08000277   Thumb Code     0  libinit2.o(.ARM.Collect$$libinit$$00000004)
    __rt_lib_init_rand_1                     0x08000277   Thumb Code     0  libinit2.o(.ARM.Collect$$libinit$$0000000E)
    __rt_lib_init_user_alloc_1               0x08000277   Thumb Code     0  libinit2.o(.ARM.Collect$$libinit$$0000000C)
    __rt_lib_init_lc_collate_1               0x0800027d   Thumb Code     0  libinit2.o(.ARM.Collect$$libinit$$00000011)
    __rt_lib_init_lc_ctype_2                 0x0800027d   Thumb Code     0  libinit2.o(.ARM.Collect$$libinit$$00000012)
    __rt_lib_init_lc_ctype_1                 0x08000289   Thumb Code     0  libinit2.o(.ARM.Collect$$libinit$$00000013)
    __rt_lib_init_lc_monetary_1              0x08000289   Thumb Code     0  libinit2.o(.ARM.Collect$$libinit$$00000015)
    __rt_lib_init_lc_numeric_2               0x08000289   Thumb Code     0  libinit2.o(.ARM.Collect$$libinit$$00000016)
    __rt_lib_init_alloca_1                   0x08000293   Thumb Code     0  libinit2.o(.ARM.Collect$$libinit$$0000002E)
    __rt_lib_init_argv_1                     0x08000293   Thumb Code     0  libinit2.o(.ARM.Collect$$libinit$$0000002C)
    __rt_lib_init_atexit_1                   0x08000293   Thumb Code     0  libinit2.o(.ARM.Collect$$libinit$$0000001B)
    __rt_lib_init_clock_1                    0x08000293   Thumb Code     0  libinit2.o(.ARM.Collect$$libinit$$00000021)
    __rt_lib_init_cpp_1                      0x08000293   Thumb Code     0  libinit2.o(.ARM.Collect$$libinit$$00000032)
    __rt_lib_init_exceptions_1               0x08000293   Thumb Code     0  libinit2.o(.ARM.Collect$$libinit$$00000030)
    __rt_lib_init_fp_trap_1                  0x08000293   Thumb Code     0  libinit2.o(.ARM.Collect$$libinit$$0000001F)
    __rt_lib_init_getenv_1                   0x08000293   Thumb Code     0  libinit2.o(.ARM.Collect$$libinit$$00000023)
    __rt_lib_init_lc_numeric_1               0x08000293   Thumb Code     0  libinit2.o(.ARM.Collect$$libinit$$00000017)
    __rt_lib_init_lc_time_1                  0x08000293   Thumb Code     0  libinit2.o(.ARM.Collect$$libinit$$00000019)
    __rt_lib_init_return                     0x08000293   Thumb Code     0  libinit2.o(.ARM.Collect$$libinit$$00000033)
    __rt_lib_init_signal_1                   0x08000293   Thumb Code     0  libinit2.o(.ARM.Collect$$libinit$$0000001D)
    __rt_lib_init_stdio_1                    0x08000293   Thumb Code     0  libinit2.o(.ARM.Collect$$libinit$$00000025)
    __rt_lib_shutdown                        0x08000295   Thumb Code     0  libshutdown.o(.ARM.Collect$$libshutdown$$00000000)
    __rt_lib_shutdown_cpp_1                  0x08000297   Thumb Code     0  libshutdown2.o(.ARM.Collect$$libshutdown$$00000002)
    __rt_lib_shutdown_fp_trap_1              0x08000297   Thumb Code     0  libshutdown2.o(.ARM.Collect$$libshutdown$$00000007)
    __rt_lib_shutdown_heap_1                 0x08000297   Thumb Code     0  libshutdown2.o(.ARM.Collect$$libshutdown$$0000000F)
    __rt_lib_shutdown_return                 0x08000297   Thumb Code     0  libshutdown2.o(.ARM.Collect$$libshutdown$$00000010)
    __rt_lib_shutdown_signal_1               0x08000297   Thumb Code     0  libshutdown2.o(.ARM.Collect$$libshutdown$$0000000A)
    __rt_lib_shutdown_stdio_1                0x08000297   Thumb Code     0  libshutdown2.o(.ARM.Collect$$libshutdown$$00000004)
    __rt_lib_shutdown_user_alloc_1           0x08000297   Thumb Code     0  libshutdown2.o(.ARM.Collect$$libshutdown$$0000000C)
    __rt_entry                               0x08000299   Thumb Code     0  __rtentry.o(.ARM.Collect$$rtentry$$00000000)
    __rt_entry_presh_1                       0x08000299   Thumb Code     0  __rtentry2.o(.ARM.Collect$$rtentry$$00000002)
    __rt_entry_sh                            0x08000299   Thumb Code     0  __rtentry4.o(.ARM.Collect$$rtentry$$00000004)
    __rt_entry_li                            0x0800029f   Thumb Code     0  __rtentry2.o(.ARM.Collect$$rtentry$$0000000A)
    __rt_entry_postsh_1                      0x0800029f   Thumb Code     0  __rtentry2.o(.ARM.Collect$$rtentry$$00000009)
    __rt_entry_main                          0x080002a3   Thumb Code     0  __rtentry2.o(.ARM.Collect$$rtentry$$0000000D)
    __rt_entry_postli_1                      0x080002a3   Thumb Code     0  __rtentry2.o(.ARM.Collect$$rtentry$$0000000C)
    __rt_exit                                0x080002ab   Thumb Code     0  rtexit.o(.ARM.Collect$$rtexit$$00000000)
    __rt_exit_ls                             0x080002ad   Thumb Code     0  rtexit2.o(.ARM.Collect$$rtexit$$00000003)
    __rt_exit_prels_1                        0x080002ad   Thumb Code     0  rtexit2.o(.ARM.Collect$$rtexit$$00000002)
    __rt_exit_exit                           0x080002b1   Thumb Code     0  rtexit2.o(.ARM.Collect$$rtexit$$00000004)
    gprs_at_response                         0x080002b9   Thumb Code   110  main.o(.text)
    Sys_Soft_Reset                           0x08000327   Thumb Code     8  main.o(.text)
    sendCommand                              0x0800032f   Thumb Code   136  main.o(.text)
    errorLog                                 0x080003b7   Thumb Code    40  main.o(.text)
    middle_filter                            0x080003df   Thumb Code   208  main.o(.text)
    limit_value                              0x080004af   Thumb Code    78  main.o(.text)
    main                                     0x080004fd   Thumb Code  2332  main.o(.text)
    sendMessage                              0x08000e19   Thumb Code   154  main.o(.text)
    NMI_Handler                              0x08000f1d   Thumb Code     2  stm32f10x_it.o(.text)
    HardFault_Handler                        0x08000f1f   Thumb Code     4  stm32f10x_it.o(.text)
    MemManage_Handler                        0x08000f23   Thumb Code     4  stm32f10x_it.o(.text)
    BusFault_Handler                         0x08000f27   Thumb Code     4  stm32f10x_it.o(.text)
    UsageFault_Handler                       0x08000f2b   Thumb Code     4  stm32f10x_it.o(.text)
    SVC_Handler                              0x08000f2f   Thumb Code     2  stm32f10x_it.o(.text)
    DebugMon_Handler                         0x08000f31   Thumb Code     2  stm32f10x_it.o(.text)
    PendSV_Handler                           0x08000f33   Thumb Code     2  stm32f10x_it.o(.text)
    SysTick_Handler                          0x08000f35   Thumb Code     2  stm32f10x_it.o(.text)
    SystemInit                               0x08001017   Thumb Code    78  system_stm32f10x.o(.text)
    SystemCoreClockUpdate                    0x08001065   Thumb Code   142  system_stm32f10x.o(.text)
    LED_Init                                 0x08001119   Thumb Code    68  led.o(.text)
    DHT11_Rst                                0x08001161   Thumb Code    52  dht11.o(.text)
    DHT11_Check                              0x08001195   Thumb Code    96  dht11.o(.text)
    DHT11_Read_Bit                           0x080011f5   Thumb Code    76  dht11.o(.text)
    DHT11_Read_Byte                          0x08001241   Thumb Code    30  dht11.o(.text)
    DHT11_Read_Data                          0x0800125f   Thumb Code    88  dht11.o(.text)
    DHT11_Init                               0x080012b7   Thumb Code    58  dht11.o(.text)
    OLED_WR_Byte                             0x080012fd   Thumb Code   108  oled.o(.text)
    OLED_Set_Pos                             0x08001369   Thumb Code    46  oled.o(.text)
    OLED_Display_On                          0x08001397   Thumb Code    28  oled.o(.text)
    OLED_Display_Off                         0x080013b3   Thumb Code    28  oled.o(.text)
    OLED_Clear                               0x080013cf   Thumb Code    64  oled.o(.text)
    OLED_ShowChar                            0x0800140f   Thumb Code   106  oled.o(.text)
    oled_pow                                 0x08001479   Thumb Code    22  oled.o(.text)
    OLED_ShowNum                             0x0800148f   Thumb Code   132  oled.o(.text)
    Float_To_String                          0x08001513   Thumb Code   300  oled.o(.text)
    OLED_ShowString                          0x0800163f   Thumb Code    54  oled.o(.text)
    OLED_ShowCHinese                         0x08001675   Thumb Code    98  oled.o(.text)
    OLED_DrawBMP                             0x080016d7   Thumb Code   138  oled.o(.text)
    OLED_Init                                0x08001761   Thumb Code   380  oled.o(.text)
    UART4_Init                               0x080018e9   Thumb Code   194  uart4.o(.text)
    UART4_IRQHandler                         0x080019ab   Thumb Code   106  uart4.o(.text)
    TIM4_Set                                 0x08001a25   Thumb Code    34  usart3.o(.text)
    USART3_IRQHandler                        0x08001a47   Thumb Code   144  usart3.o(.text)
    usart3_init                              0x08001ad7   Thumb Code   192  usart3.o(.text)
    USART3_CLR_Buf                           0x08001b97   Thumb Code    20  usart3.o(.text)
    u3_printf                                0x08001bab   Thumb Code    72  usart3.o(.text)
    TIM4_Init                                0x08001bf3   Thumb Code    82  usart3.o(.text)
    UART_DMA_Config                          0x08001c45   Thumb Code    72  usart3.o(.text)
    UART_DMA_Enable                          0x08001c8d   Thumb Code    32  usart3.o(.text)
    uart2_init                               0x08001ccd   Thumb Code   172  usart2.o(.text)
    USART2_IRQHandler                        0x08001d79   Thumb Code   108  usart2.o(.text)
    TIM7_IRQHandler                          0x08001df5   Thumb Code    42  timer.o(.text)
    TIM7_Int_Init                            0x08001e1f   Thumb Code    90  timer.o(.text)
    delay_init                               0x08001e81   Thumb Code    50  delay.o(.text)
    delay_us                                 0x08001eb3   Thumb Code    72  delay.o(.text)
    delay_ms                                 0x08001efb   Thumb Code    72  delay.o(.text)
    _sys_exit                                0x08001f55   Thumb Code     6  usart.o(.text)
    fputc                                    0x08001f5b   Thumb Code    24  usart.o(.text)
    fgetc                                    0x08001f73   Thumb Code    26  usart.o(.text)
    uart_init                                0x08001f8d   Thumb Code   158  usart.o(.text)
    USART1_IRQHandler                        0x0800202b   Thumb Code   122  usart.o(.text)
    Reset_Handler                            0x080020b5   Thumb Code     8  startup_stm32f10x_hd.o(.text)
    ADC1_2_IRQHandler                        0x080020cf   Thumb Code     0  startup_stm32f10x_hd.o(.text)
    ADC3_IRQHandler                          0x080020cf   Thumb Code     0  startup_stm32f10x_hd.o(.text)
    CAN1_RX1_IRQHandler                      0x080020cf   Thumb Code     0  startup_stm32f10x_hd.o(.text)
    CAN1_SCE_IRQHandler                      0x080020cf   Thumb Code     0  startup_stm32f10x_hd.o(.text)
    DMA1_Channel1_IRQHandler                 0x080020cf   Thumb Code     0  startup_stm32f10x_hd.o(.text)
    DMA1_Channel2_IRQHandler                 0x080020cf   Thumb Code     0  startup_stm32f10x_hd.o(.text)
    DMA1_Channel3_IRQHandler                 0x080020cf   Thumb Code     0  startup_stm32f10x_hd.o(.text)
    DMA1_Channel4_IRQHandler                 0x080020cf   Thumb Code     0  startup_stm32f10x_hd.o(.text)
    DMA1_Channel5_IRQHandler                 0x080020cf   Thumb Code     0  startup_stm32f10x_hd.o(.text)
    DMA1_Channel6_IRQHandler                 0x080020cf   Thumb Code     0  startup_stm32f10x_hd.o(.text)
    DMA1_Channel7_IRQHandler                 0x080020cf   Thumb Code     0  startup_stm32f10x_hd.o(.text)
    DMA2_Channel1_IRQHandler                 0x080020cf   Thumb Code     0  startup_stm32f10x_hd.o(.text)
    DMA2_Channel2_IRQHandler                 0x080020cf   Thumb Code     0  startup_stm32f10x_hd.o(.text)
    DMA2_Channel3_IRQHandler                 0x080020cf   Thumb Code     0  startup_stm32f10x_hd.o(.text)
    DMA2_Channel4_5_IRQHandler               0x080020cf   Thumb Code     0  startup_stm32f10x_hd.o(.text)
    EXTI0_IRQHandler                         0x080020cf   Thumb Code     0  startup_stm32f10x_hd.o(.text)
    EXTI15_10_IRQHandler                     0x080020cf   Thumb Code     0  startup_stm32f10x_hd.o(.text)
    EXTI1_IRQHandler                         0x080020cf   Thumb Code     0  startup_stm32f10x_hd.o(.text)
    EXTI2_IRQHandler                         0x080020cf   Thumb Code     0  startup_stm32f10x_hd.o(.text)
    EXTI3_IRQHandler                         0x080020cf   Thumb Code     0  startup_stm32f10x_hd.o(.text)
    EXTI4_IRQHandler                         0x080020cf   Thumb Code     0  startup_stm32f10x_hd.o(.text)
    EXTI9_5_IRQHandler                       0x080020cf   Thumb Code     0  startup_stm32f10x_hd.o(.text)
    FLASH_IRQHandler                         0x080020cf   Thumb Code     0  startup_stm32f10x_hd.o(.text)
    FSMC_IRQHandler                          0x080020cf   Thumb Code     0  startup_stm32f10x_hd.o(.text)
    I2C1_ER_IRQHandler                       0x080020cf   Thumb Code     0  startup_stm32f10x_hd.o(.text)
    I2C1_EV_IRQHandler                       0x080020cf   Thumb Code     0  startup_stm32f10x_hd.o(.text)
    I2C2_ER_IRQHandler                       0x080020cf   Thumb Code     0  startup_stm32f10x_hd.o(.text)
    I2C2_EV_IRQHandler                       0x080020cf   Thumb Code     0  startup_stm32f10x_hd.o(.text)
    PVD_IRQHandler                           0x080020cf   Thumb Code     0  startup_stm32f10x_hd.o(.text)
    RCC_IRQHandler                           0x080020cf   Thumb Code     0  startup_stm32f10x_hd.o(.text)
    RTCAlarm_IRQHandler                      0x080020cf   Thumb Code     0  startup_stm32f10x_hd.o(.text)
    RTC_IRQHandler                           0x080020cf   Thumb Code     0  startup_stm32f10x_hd.o(.text)
    SDIO_IRQHandler                          0x080020cf   Thumb Code     0  startup_stm32f10x_hd.o(.text)
    SPI1_IRQHandler                          0x080020cf   Thumb Code     0  startup_stm32f10x_hd.o(.text)
    SPI2_IRQHandler                          0x080020cf   Thumb Code     0  startup_stm32f10x_hd.o(.text)
    SPI3_IRQHandler                          0x080020cf   Thumb Code     0  startup_stm32f10x_hd.o(.text)
    TAMPER_IRQHandler                        0x080020cf   Thumb Code     0  startup_stm32f10x_hd.o(.text)
    TIM1_BRK_IRQHandler                      0x080020cf   Thumb Code     0  startup_stm32f10x_hd.o(.text)
    TIM1_CC_IRQHandler                       0x080020cf   Thumb Code     0  startup_stm32f10x_hd.o(.text)
    TIM1_TRG_COM_IRQHandler                  0x080020cf   Thumb Code     0  startup_stm32f10x_hd.o(.text)
    TIM1_UP_IRQHandler                       0x080020cf   Thumb Code     0  startup_stm32f10x_hd.o(.text)
    TIM2_IRQHandler                          0x080020cf   Thumb Code     0  startup_stm32f10x_hd.o(.text)
    TIM3_IRQHandler                          0x080020cf   Thumb Code     0  startup_stm32f10x_hd.o(.text)
    TIM4_IRQHandler                          0x080020cf   Thumb Code     0  startup_stm32f10x_hd.o(.text)
    TIM5_IRQHandler                          0x080020cf   Thumb Code     0  startup_stm32f10x_hd.o(.text)
    TIM6_IRQHandler                          0x080020cf   Thumb Code     0  startup_stm32f10x_hd.o(.text)
    TIM8_BRK_IRQHandler                      0x080020cf   Thumb Code     0  startup_stm32f10x_hd.o(.text)
    TIM8_CC_IRQHandler                       0x080020cf   Thumb Code     0  startup_stm32f10x_hd.o(.text)
    TIM8_TRG_COM_IRQHandler                  0x080020cf   Thumb Code     0  startup_stm32f10x_hd.o(.text)
    TIM8_UP_IRQHandler                       0x080020cf   Thumb Code     0  startup_stm32f10x_hd.o(.text)
    UART5_IRQHandler                         0x080020cf   Thumb Code     0  startup_stm32f10x_hd.o(.text)
    USBWakeUp_IRQHandler                     0x080020cf   Thumb Code     0  startup_stm32f10x_hd.o(.text)
    USB_HP_CAN1_TX_IRQHandler                0x080020cf   Thumb Code     0  startup_stm32f10x_hd.o(.text)
    USB_LP_CAN1_RX0_IRQHandler               0x080020cf   Thumb Code     0  startup_stm32f10x_hd.o(.text)
    WWDG_IRQHandler                          0x080020cf   Thumb Code     0  startup_stm32f10x_hd.o(.text)
    __user_initial_stackheap                 0x080020d1   Thumb Code     0  startup_stm32f10x_hd.o(.text)
    NVIC_PriorityGroupConfig                 0x080020f5   Thumb Code    10  misc.o(.text)
    NVIC_Init                                0x080020ff   Thumb Code   100  misc.o(.text)
    NVIC_SetVectorTable                      0x08002163   Thumb Code    14  misc.o(.text)
    NVIC_SystemLPConfig                      0x08002171   Thumb Code    34  misc.o(.text)
    SysTick_CLKSourceConfig                  0x08002193   Thumb Code    40  misc.o(.text)
    GPIO_DeInit                              0x080021d1   Thumb Code   172  stm32f10x_gpio.o(.text)
    GPIO_AFIODeInit                          0x0800227d   Thumb Code    20  stm32f10x_gpio.o(.text)
    GPIO_Init                                0x08002291   Thumb Code   278  stm32f10x_gpio.o(.text)
    GPIO_StructInit                          0x080023a7   Thumb Code    16  stm32f10x_gpio.o(.text)
    GPIO_ReadInputDataBit                    0x080023b7   Thumb Code    18  stm32f10x_gpio.o(.text)
    GPIO_ReadInputData                       0x080023c9   Thumb Code     8  stm32f10x_gpio.o(.text)
    GPIO_ReadOutputDataBit                   0x080023d1   Thumb Code    18  stm32f10x_gpio.o(.text)
    GPIO_ReadOutputData                      0x080023e3   Thumb Code     8  stm32f10x_gpio.o(.text)
    GPIO_SetBits                             0x080023eb   Thumb Code     4  stm32f10x_gpio.o(.text)
    GPIO_ResetBits                           0x080023ef   Thumb Code     4  stm32f10x_gpio.o(.text)
    GPIO_WriteBit                            0x080023f3   Thumb Code    10  stm32f10x_gpio.o(.text)
    GPIO_Write                               0x080023fd   Thumb Code     4  stm32f10x_gpio.o(.text)
    GPIO_PinLockConfig                       0x08002401   Thumb Code    18  stm32f10x_gpio.o(.text)
    GPIO_EventOutputConfig                   0x08002413   Thumb Code    26  stm32f10x_gpio.o(.text)
    GPIO_EventOutputCmd                      0x0800242d   Thumb Code     6  stm32f10x_gpio.o(.text)
    GPIO_PinRemapConfig                      0x08002433   Thumb Code   138  stm32f10x_gpio.o(.text)
    GPIO_EXTILineConfig                      0x080024bd   Thumb Code    66  stm32f10x_gpio.o(.text)
    GPIO_ETH_MediaInterfaceConfig            0x080024ff   Thumb Code     8  stm32f10x_gpio.o(.text)
    RCC_DeInit                               0x0800252d   Thumb Code    64  stm32f10x_rcc.o(.text)
    RCC_HSEConfig                            0x0800256d   Thumb Code    70  stm32f10x_rcc.o(.text)
    RCC_GetFlagStatus                        0x080025b3   Thumb Code    56  stm32f10x_rcc.o(.text)
    RCC_WaitForHSEStartUp                    0x080025eb   Thumb Code    56  stm32f10x_rcc.o(.text)
    RCC_AdjustHSICalibrationValue            0x08002623   Thumb Code    20  stm32f10x_rcc.o(.text)
    RCC_HSICmd                               0x08002637   Thumb Code     6  stm32f10x_rcc.o(.text)
    RCC_PLLConfig                            0x0800263d   Thumb Code    24  stm32f10x_rcc.o(.text)
    RCC_PLLCmd                               0x08002655   Thumb Code     6  stm32f10x_rcc.o(.text)
    RCC_SYSCLKConfig                         0x0800265b   Thumb Code    18  stm32f10x_rcc.o(.text)
    RCC_GetSYSCLKSource                      0x0800266d   Thumb Code    10  stm32f10x_rcc.o(.text)
    RCC_HCLKConfig                           0x08002677   Thumb Code    18  stm32f10x_rcc.o(.text)
    RCC_PCLK1Config                          0x08002689   Thumb Code    18  stm32f10x_rcc.o(.text)
    RCC_PCLK2Config                          0x0800269b   Thumb Code    20  stm32f10x_rcc.o(.text)
    RCC_ITConfig                             0x080026af   Thumb Code    26  stm32f10x_rcc.o(.text)
    RCC_USBCLKConfig                         0x080026c9   Thumb Code     8  stm32f10x_rcc.o(.text)
    RCC_ADCCLKConfig                         0x080026d1   Thumb Code    18  stm32f10x_rcc.o(.text)
    RCC_LSEConfig                            0x080026e3   Thumb Code    50  stm32f10x_rcc.o(.text)
    RCC_LSICmd                               0x08002715   Thumb Code     6  stm32f10x_rcc.o(.text)
    RCC_RTCCLKConfig                         0x0800271b   Thumb Code    12  stm32f10x_rcc.o(.text)
    RCC_RTCCLKCmd                            0x08002727   Thumb Code     8  stm32f10x_rcc.o(.text)
    RCC_GetClocksFreq                        0x0800272f   Thumb Code   192  stm32f10x_rcc.o(.text)
    RCC_AHBPeriphClockCmd                    0x080027ef   Thumb Code    26  stm32f10x_rcc.o(.text)
    RCC_APB2PeriphClockCmd                   0x08002809   Thumb Code    26  stm32f10x_rcc.o(.text)
    RCC_APB1PeriphClockCmd                   0x08002823   Thumb Code    26  stm32f10x_rcc.o(.text)
    RCC_APB2PeriphResetCmd                   0x0800283d   Thumb Code    26  stm32f10x_rcc.o(.text)
    RCC_APB1PeriphResetCmd                   0x08002857   Thumb Code    26  stm32f10x_rcc.o(.text)
    RCC_BackupResetCmd                       0x08002871   Thumb Code     8  stm32f10x_rcc.o(.text)
    RCC_ClockSecuritySystemCmd               0x08002879   Thumb Code     6  stm32f10x_rcc.o(.text)
    RCC_MCOConfig                            0x0800287f   Thumb Code     6  stm32f10x_rcc.o(.text)
    RCC_ClearFlag                            0x08002885   Thumb Code    14  stm32f10x_rcc.o(.text)
    RCC_GetITStatus                          0x08002893   Thumb Code    20  stm32f10x_rcc.o(.text)
    RCC_ClearITPendingBit                    0x080028a7   Thumb Code     6  stm32f10x_rcc.o(.text)
    USART_DeInit                             0x080028d1   Thumb Code   134  stm32f10x_usart.o(.text)
    USART_Init                               0x08002957   Thumb Code   210  stm32f10x_usart.o(.text)
    USART_StructInit                         0x08002a29   Thumb Code    24  stm32f10x_usart.o(.text)
    USART_ClockInit                          0x08002a41   Thumb Code    34  stm32f10x_usart.o(.text)
    USART_ClockStructInit                    0x08002a63   Thumb Code    12  stm32f10x_usart.o(.text)
    USART_Cmd                                0x08002a6f   Thumb Code    24  stm32f10x_usart.o(.text)
    USART_ITConfig                           0x08002a87   Thumb Code    74  stm32f10x_usart.o(.text)
    USART_DMACmd                             0x08002ad1   Thumb Code    18  stm32f10x_usart.o(.text)
    USART_SetAddress                         0x08002ae3   Thumb Code    18  stm32f10x_usart.o(.text)
    USART_WakeUpConfig                       0x08002af5   Thumb Code    18  stm32f10x_usart.o(.text)
    USART_ReceiverWakeUpCmd                  0x08002b07   Thumb Code    24  stm32f10x_usart.o(.text)
    USART_LINBreakDetectLengthConfig         0x08002b1f   Thumb Code    18  stm32f10x_usart.o(.text)
    USART_LINCmd                             0x08002b31   Thumb Code    24  stm32f10x_usart.o(.text)
    USART_SendData                           0x08002b49   Thumb Code     8  stm32f10x_usart.o(.text)
    USART_ReceiveData                        0x08002b51   Thumb Code    10  stm32f10x_usart.o(.text)
    USART_SendBreak                          0x08002b5b   Thumb Code    10  stm32f10x_usart.o(.text)
    USART_SetGuardTime                       0x08002b65   Thumb Code    16  stm32f10x_usart.o(.text)
    USART_SetPrescaler                       0x08002b75   Thumb Code    16  stm32f10x_usart.o(.text)
    USART_SmartCardCmd                       0x08002b85   Thumb Code    24  stm32f10x_usart.o(.text)
    USART_SmartCardNACKCmd                   0x08002b9d   Thumb Code    24  stm32f10x_usart.o(.text)
    USART_HalfDuplexCmd                      0x08002bb5   Thumb Code    24  stm32f10x_usart.o(.text)
    USART_OverSampling8Cmd                   0x08002bcd   Thumb Code    22  stm32f10x_usart.o(.text)
    USART_OneBitMethodCmd                    0x08002be3   Thumb Code    24  stm32f10x_usart.o(.text)
    USART_IrDAConfig                         0x08002bfb   Thumb Code    18  stm32f10x_usart.o(.text)
    USART_IrDACmd                            0x08002c0d   Thumb Code    24  stm32f10x_usart.o(.text)
    USART_GetFlagStatus                      0x08002c25   Thumb Code    26  stm32f10x_usart.o(.text)
    USART_ClearFlag                          0x08002c3f   Thumb Code    18  stm32f10x_usart.o(.text)
    USART_GetITStatus                        0x08002c51   Thumb Code    84  stm32f10x_usart.o(.text)
    USART_ClearITPendingBit                  0x08002ca5   Thumb Code    52  stm32f10x_usart.o(.text)
    DMA_DeInit                               0x08002cd9   Thumb Code   324  stm32f10x_dma.o(.text)
    DMA_Init                                 0x08002e1d   Thumb Code    60  stm32f10x_dma.o(.text)
    DMA_StructInit                           0x08002e59   Thumb Code    26  stm32f10x_dma.o(.text)
    DMA_Cmd                                  0x08002e73   Thumb Code    24  stm32f10x_dma.o(.text)
    DMA_ITConfig                             0x08002e8b   Thumb Code    18  stm32f10x_dma.o(.text)
    DMA_SetCurrDataCounter                   0x08002e9d   Thumb Code     4  stm32f10x_dma.o(.text)
    DMA_GetCurrDataCounter                   0x08002ea1   Thumb Code     8  stm32f10x_dma.o(.text)
    DMA_GetFlagStatus                        0x08002ea9   Thumb Code    40  stm32f10x_dma.o(.text)
    DMA_ClearFlag                            0x08002ed1   Thumb Code    22  stm32f10x_dma.o(.text)
    DMA_GetITStatus                          0x08002ee7   Thumb Code    40  stm32f10x_dma.o(.text)
    DMA_ClearITPendingBit                    0x08002f0f   Thumb Code    22  stm32f10x_dma.o(.text)
    TIM_DeInit                               0x08002f2d   Thumb Code   424  stm32f10x_tim.o(.text)
    TIM_TimeBaseInit                         0x080030d5   Thumb Code   122  stm32f10x_tim.o(.text)
    TIM_OC1Init                              0x0800314f   Thumb Code   132  stm32f10x_tim.o(.text)
    TIM_OC2Init                              0x080031d3   Thumb Code   154  stm32f10x_tim.o(.text)
    TIM_OC3Init                              0x0800326d   Thumb Code   150  stm32f10x_tim.o(.text)
    TIM_OC4Init                              0x08003303   Thumb Code   182  stm32f10x_tim.o(.text)
    TIM_SetIC4Prescaler                      0x080033b9   Thumb Code    26  stm32f10x_tim.o(.text)
    TIM_SetIC3Prescaler                      0x08003455   Thumb Code    18  stm32f10x_tim.o(.text)
    TIM_SetIC2Prescaler                      0x080034e1   Thumb Code    26  stm32f10x_tim.o(.text)
    TIM_SetIC1Prescaler                      0x0800357d   Thumb Code    18  stm32f10x_tim.o(.text)
    TIM_ICInit                               0x080035fb   Thumb Code   150  stm32f10x_tim.o(.text)
    TIM_PWMIConfig                           0x08003691   Thumb Code   124  stm32f10x_tim.o(.text)
    TIM_BDTRConfig                           0x0800370d   Thumb Code    32  stm32f10x_tim.o(.text)
    TIM_TimeBaseStructInit                   0x0800372d   Thumb Code    18  stm32f10x_tim.o(.text)
    TIM_OCStructInit                         0x0800373f   Thumb Code    20  stm32f10x_tim.o(.text)
    TIM_ICStructInit                         0x08003753   Thumb Code    18  stm32f10x_tim.o(.text)
    TIM_BDTRStructInit                       0x08003765   Thumb Code    40  stm32f10x_tim.o(.text)
    TIM_Cmd                                  0x0800378d   Thumb Code    24  stm32f10x_tim.o(.text)
    TIM_CtrlPWMOutputs                       0x080037a5   Thumb Code    30  stm32f10x_tim.o(.text)
    TIM_ITConfig                             0x080037c3   Thumb Code    18  stm32f10x_tim.o(.text)
    TIM_GenerateEvent                        0x080037d5   Thumb Code     4  stm32f10x_tim.o(.text)
    TIM_DMAConfig                            0x080037d9   Thumb Code    10  stm32f10x_tim.o(.text)
    TIM_DMACmd                               0x080037e3   Thumb Code    18  stm32f10x_tim.o(.text)
    TIM_InternalClockConfig                  0x080037f5   Thumb Code    12  stm32f10x_tim.o(.text)
    TIM_SelectInputTrigger                   0x08003801   Thumb Code    18  stm32f10x_tim.o(.text)
    TIM_ITRxExternalClockConfig              0x08003813   Thumb Code    24  stm32f10x_tim.o(.text)
    TIM_TIxExternalClockConfig               0x0800382b   Thumb Code    62  stm32f10x_tim.o(.text)
    TIM_ETRConfig                            0x08003869   Thumb Code    28  stm32f10x_tim.o(.text)
    TIM_ETRClockMode1Config                  0x08003885   Thumb Code    54  stm32f10x_tim.o(.text)
    TIM_ETRClockMode2Config                  0x080038bb   Thumb Code    32  stm32f10x_tim.o(.text)
    TIM_PrescalerConfig                      0x080038db   Thumb Code     6  stm32f10x_tim.o(.text)
    TIM_CounterModeConfig                    0x080038e1   Thumb Code    18  stm32f10x_tim.o(.text)
    TIM_EncoderInterfaceConfig               0x080038f3   Thumb Code    66  stm32f10x_tim.o(.text)
    TIM_ForcedOC1Config                      0x08003935   Thumb Code    18  stm32f10x_tim.o(.text)
    TIM_ForcedOC2Config                      0x08003947   Thumb Code    26  stm32f10x_tim.o(.text)
    TIM_ForcedOC3Config                      0x08003961   Thumb Code    18  stm32f10x_tim.o(.text)
    TIM_ForcedOC4Config                      0x08003973   Thumb Code    26  stm32f10x_tim.o(.text)
    TIM_ARRPreloadConfig                     0x0800398d   Thumb Code    24  stm32f10x_tim.o(.text)
    TIM_SelectCOM                            0x080039a5   Thumb Code    24  stm32f10x_tim.o(.text)
    TIM_SelectCCDMA                          0x080039bd   Thumb Code    24  stm32f10x_tim.o(.text)
    TIM_CCPreloadControl                     0x080039d5   Thumb Code    24  stm32f10x_tim.o(.text)
    TIM_OC1PreloadConfig                     0x080039ed   Thumb Code    18  stm32f10x_tim.o(.text)
    TIM_OC2PreloadConfig                     0x080039ff   Thumb Code    26  stm32f10x_tim.o(.text)
    TIM_OC3PreloadConfig                     0x08003a19   Thumb Code    18  stm32f10x_tim.o(.text)
    TIM_OC4PreloadConfig                     0x08003a2b   Thumb Code    26  stm32f10x_tim.o(.text)
    TIM_OC1FastConfig                        0x08003a45   Thumb Code    18  stm32f10x_tim.o(.text)
    TIM_OC2FastConfig                        0x08003a57   Thumb Code    26  stm32f10x_tim.o(.text)
    TIM_OC3FastConfig                        0x08003a71   Thumb Code    18  stm32f10x_tim.o(.text)
    TIM_OC4FastConfig                        0x08003a83   Thumb Code    26  stm32f10x_tim.o(.text)
    TIM_ClearOC1Ref                          0x08003a9d   Thumb Code    18  stm32f10x_tim.o(.text)
    TIM_ClearOC2Ref                          0x08003aaf   Thumb Code    24  stm32f10x_tim.o(.text)
    TIM_ClearOC3Ref                          0x08003ac7   Thumb Code    18  stm32f10x_tim.o(.text)
    TIM_ClearOC4Ref                          0x08003ad9   Thumb Code    24  stm32f10x_tim.o(.text)
    TIM_OC1PolarityConfig                    0x08003af1   Thumb Code    18  stm32f10x_tim.o(.text)
    TIM_OC1NPolarityConfig                   0x08003b03   Thumb Code    18  stm32f10x_tim.o(.text)
    TIM_OC2PolarityConfig                    0x08003b15   Thumb Code    26  stm32f10x_tim.o(.text)
    TIM_OC2NPolarityConfig                   0x08003b2f   Thumb Code    26  stm32f10x_tim.o(.text)
    TIM_OC3PolarityConfig                    0x08003b49   Thumb Code    26  stm32f10x_tim.o(.text)
    TIM_OC3NPolarityConfig                   0x08003b63   Thumb Code    26  stm32f10x_tim.o(.text)
    TIM_OC4PolarityConfig                    0x08003b7d   Thumb Code    26  stm32f10x_tim.o(.text)
    TIM_CCxCmd                               0x08003b97   Thumb Code    30  stm32f10x_tim.o(.text)
    TIM_CCxNCmd                              0x08003bb5   Thumb Code    30  stm32f10x_tim.o(.text)
    TIM_SelectOCxM                           0x08003bd3   Thumb Code    82  stm32f10x_tim.o(.text)
    TIM_UpdateDisableConfig                  0x08003c25   Thumb Code    24  stm32f10x_tim.o(.text)
    TIM_UpdateRequestConfig                  0x08003c3d   Thumb Code    24  stm32f10x_tim.o(.text)
    TIM_SelectHallSensor                     0x08003c55   Thumb Code    24  stm32f10x_tim.o(.text)
    TIM_SelectOnePulseMode                   0x08003c6d   Thumb Code    18  stm32f10x_tim.o(.text)
    TIM_SelectOutputTrigger                  0x08003c7f   Thumb Code    18  stm32f10x_tim.o(.text)
    TIM_SelectSlaveMode                      0x08003c91   Thumb Code    18  stm32f10x_tim.o(.text)
    TIM_SelectMasterSlaveMode                0x08003ca3   Thumb Code    18  stm32f10x_tim.o(.text)
    TIM_SetCounter                           0x08003cb5   Thumb Code     4  stm32f10x_tim.o(.text)
    TIM_SetAutoreload                        0x08003cb9   Thumb Code     4  stm32f10x_tim.o(.text)
    TIM_SetCompare1                          0x08003cbd   Thumb Code     4  stm32f10x_tim.o(.text)
    TIM_SetCompare2                          0x08003cc1   Thumb Code     4  stm32f10x_tim.o(.text)
    TIM_SetCompare3                          0x08003cc5   Thumb Code     4  stm32f10x_tim.o(.text)
    TIM_SetCompare4                          0x08003cc9   Thumb Code     6  stm32f10x_tim.o(.text)
    TIM_SetClockDivision                     0x08003ccf   Thumb Code    18  stm32f10x_tim.o(.text)
    TIM_GetCapture1                          0x08003ce1   Thumb Code     6  stm32f10x_tim.o(.text)
    TIM_GetCapture2                          0x08003ce7   Thumb Code     6  stm32f10x_tim.o(.text)
    TIM_GetCapture3                          0x08003ced   Thumb Code     6  stm32f10x_tim.o(.text)
    TIM_GetCapture4                          0x08003cf3   Thumb Code     8  stm32f10x_tim.o(.text)
    TIM_GetCounter                           0x08003cfb   Thumb Code     6  stm32f10x_tim.o(.text)
    TIM_GetPrescaler                         0x08003d01   Thumb Code     6  stm32f10x_tim.o(.text)
    TIM_GetFlagStatus                        0x08003d07   Thumb Code    18  stm32f10x_tim.o(.text)
    TIM_ClearFlag                            0x08003d19   Thumb Code     6  stm32f10x_tim.o(.text)
    TIM_GetITStatus                          0x08003d1f   Thumb Code    34  stm32f10x_tim.o(.text)
    TIM_ClearITPendingBit                    0x08003d41   Thumb Code     6  stm32f10x_tim.o(.text)
    __use_no_semihosting                     0x08003d47   Thumb Code     2  use_no_semi_2.o(.text)
    __c89printf                              0x08003d49   Thumb Code    20  c89printf.o(.text)
    __c89vsprintf                            0x08003d61   Thumb Code    32  c89vsprintf.o(.text)
    __2printf                                0x08003d85   Thumb Code    20  __2printf.o(.text)
    __2sprintf                               0x08003d9d   Thumb Code    38  __2sprintf.o(.text)
    _printf_pre_padding                      0x08003dc9   Thumb Code    44  _printf_pad.o(.text)
    _printf_post_padding                     0x08003df5   Thumb Code    34  _printf_pad.o(.text)
    _printf_str                              0x08003e17   Thumb Code    82  _printf_str.o(.text)
    _printf_int_dec                          0x08003e69   Thumb Code   104  _printf_dec.o(.text)
    _printf_longlong_hex                     0x08003ee1   Thumb Code    86  _printf_hex_int_ll_ptr.o(.text)
    _printf_int_hex                          0x08003f37   Thumb Code    28  _printf_hex_int_ll_ptr.o(.text)
    _printf_ll_hex                           0x08003f53   Thumb Code    12  _printf_hex_int_ll_ptr.o(.text)
    _printf_hex_ptr                          0x08003f5f   Thumb Code    18  _printf_hex_int_ll_ptr.o(.text)
    __printf                                 0x08003f75   Thumb Code   388  __printf_flags_ss_wp.o(.text)
    strstr                                   0x080040fd   Thumb Code    36  strstr.o(.text)
    strcpy                                   0x08004121   Thumb Code    72  strcpy.o(.text)
    strlen                                   0x08004169   Thumb Code    62  strlen.o(.text)
    strcat                                   0x080041a7   Thumb Code    24  strcat.o(.text)
    __aeabi_memclr                           0x080041bf   Thumb Code     0  rt_memclr.o(.text)
    __rt_memclr                              0x080041bf   Thumb Code    68  rt_memclr.o(.text)
    _memset                                  0x080041c3   Thumb Code     0  rt_memclr.o(.text)
    __aeabi_memclr4                          0x08004203   Thumb Code     0  rt_memclr_w.o(.text)
    __aeabi_memclr8                          0x08004203   Thumb Code     0  rt_memclr_w.o(.text)
    __rt_memclr_w                            0x08004203   Thumb Code    78  rt_memclr_w.o(.text)
    _memset_w                                0x08004207   Thumb Code     0  rt_memclr_w.o(.text)
    strcmp                                   0x08004251   Thumb Code   128  strcmpv7m.o(.text)
    __use_two_region_memory                  0x080042d1   Thumb Code     2  heapauxi.o(.text)
    __rt_heap_escrow$2region                 0x080042d3   Thumb Code     2  heapauxi.o(.text)
    __rt_heap_expand$2region                 0x080042d5   Thumb Code     2  heapauxi.o(.text)
    __I$use$semihosting                      0x080042d7   Thumb Code     0  use_no_semi.o(.text)
    __use_no_semihosting_swi                 0x080042d7   Thumb Code     2  use_no_semi.o(.text)
    _printf_truncate_signed                  0x080042d9   Thumb Code    18  _printf_truncate.o(.text)
    _printf_truncate_unsigned                0x080042eb   Thumb Code    18  _printf_truncate.o(.text)
    _printf_int_common                       0x080042fd   Thumb Code   178  _printf_intcommon.o(.text)
    _printf_charcount                        0x080043af   Thumb Code    40  _printf_charcount.o(.text)
    __lib_sel_fp_printf                      0x080043d7   Thumb Code     2  _printf_fp_dec.o(.text)
    _printf_fp_dec_real                      0x08004589   Thumb Code   620  _printf_fp_dec.o(.text)
    _printf_char_common                      0x080047ff   Thumb Code    32  _printf_char_common.o(.text)
    _sputc                                   0x08004825   Thumb Code    10  _sputc.o(.text)
    _printf_cs_common                        0x0800482f   Thumb Code    20  _printf_char.o(.text)
    _printf_char                             0x08004843   Thumb Code    16  _printf_char.o(.text)
    _printf_string                           0x08004853   Thumb Code     8  _printf_char.o(.text)
    _printf_char_file                        0x0800485d   Thumb Code    32  _printf_char_file.o(.text)
    _printf_wctomb                           0x08004881   Thumb Code   182  _printf_wctomb.o(.text)
    _printf_longlong_dec                     0x0800493d   Thumb Code   108  _printf_longlong_dec.o(.text)
    _printf_longlong_oct                     0x080049b9   Thumb Code    66  _printf_oct_int_ll.o(.text)
    _printf_int_oct                          0x080049fb   Thumb Code    24  _printf_oct_int_ll.o(.text)
    _printf_ll_oct                           0x08004a13   Thumb Code    12  _printf_oct_int_ll.o(.text)
    __rt_locale                              0x08004a29   Thumb Code     8  rt_locale_intlibspace.o(.text)
    _ll_udiv10                               0x08004a31   Thumb Code   138  lludiv10.o(.text)
    _printf_fp_infnan                        0x08004abd   Thumb Code   112  _printf_fp_infnan.o(.text)
    _printf_lcs_common                       0x08004b3d   Thumb Code    20  _printf_wchar.o(.text)
    _printf_wchar                            0x08004b51   Thumb Code    16  _printf_wchar.o(.text)
    _printf_wstring                          0x08004b61   Thumb Code     8  _printf_wchar.o(.text)
    _btod_etento                             0x08004b69   Thumb Code   224  bigflt0.o(.text)
    ferror                                   0x08004c4d   Thumb Code     8  ferror.o(.text)
    _wcrtomb                                 0x08004c55   Thumb Code    64  _wcrtomb.o(.text)
    __user_libspace                          0x08004c95   Thumb Code     8  libspace.o(.text)
    __user_perproc_libspace                  0x08004c95   Thumb Code     0  libspace.o(.text)
    __user_perthread_libspace                0x08004c95   Thumb Code     0  libspace.o(.text)
    __user_setup_stackheap                   0x08004c9d   Thumb Code    74  sys_stackheap_outer.o(.text)
    __rt_ctype_table                         0x08004ce9   Thumb Code    16  rt_ctype_table.o(.text)
    exit                                     0x08004cf9   Thumb Code    18  exit.o(.text)
    _btod_d2e                                0x08004d0b   Thumb Code    62  btod.o(CL$$btod_d2e)
    _d2e_denorm_low                          0x08004d49   Thumb Code    70  btod.o(CL$$btod_d2e_denorm_low)
    _d2e_norm_op1                            0x08004d8f   Thumb Code    96  btod.o(CL$$btod_d2e_norm_op1)
    __btod_div_common                        0x08004def   Thumb Code   696  btod.o(CL$$btod_div_common)
    _e2e                                     0x08005127   Thumb Code   220  btod.o(CL$$btod_e2e)
    _btod_ediv                               0x08005203   Thumb Code    42  btod.o(CL$$btod_ediv)
    _btod_emul                               0x0800522d   Thumb Code    42  btod.o(CL$$btod_emul)
    __btod_mult_common                       0x08005257   Thumb Code   580  btod.o(CL$$btod_mult_common)
    __ARM_fpclassify                         0x0800549b   Thumb Code    40  fpclassify.o(i.__ARM_fpclassify)
    _is_digit                                0x080054c3   Thumb Code    14  __printf_wp.o(i._is_digit)
    _get_lc_numeric                          0x080054d1   Thumb Code    44  lc_numeric_c.o(locale$$code)
    _get_lc_ctype                            0x080054fd   Thumb Code    44  lc_ctype_c.o(locale$$code)
    __aeabi_dadd                             0x08005529   Thumb Code     0  daddsub_clz.o(x$fpl$dadd)
    _dadd                                    0x08005529   Thumb Code   332  daddsub_clz.o(x$fpl$dadd)
    __fpl_dcmp_Inf                           0x08005679   Thumb Code    24  dcmpi.o(x$fpl$dcmpinf)
    __aeabi_ddiv                             0x08005691   Thumb Code     0  ddiv.o(x$fpl$ddiv)
    _ddiv                                    0x08005691   Thumb Code   552  ddiv.o(x$fpl$ddiv)
    __aeabi_cdcmple                          0x08005941   Thumb Code     0  dleqf.o(x$fpl$dleqf)
    _dcmple                                  0x08005941   Thumb Code   120  dleqf.o(x$fpl$dleqf)
    __fpl_dcmple_InfNaN                      0x080059a3   Thumb Code     0  dleqf.o(x$fpl$dleqf)
    __fpl_dnaninf                            0x080059b9   Thumb Code   156  dnaninf.o(x$fpl$dnaninf)
    __fpl_dretinf                            0x08005a55   Thumb Code    12  dretinf.o(x$fpl$dretinf)
    __aeabi_cdrcmple                         0x08005a61   Thumb Code     0  drleqf.o(x$fpl$drleqf)
    _drcmple                                 0x08005a61   Thumb Code   108  drleqf.o(x$fpl$drleqf)
    __aeabi_drsub                            0x08005acd   Thumb Code     0  daddsub_clz.o(x$fpl$drsb)
    _drsb                                    0x08005acd   Thumb Code    22  daddsub_clz.o(x$fpl$drsb)
    __aeabi_dsub                             0x08005ae5   Thumb Code     0  daddsub_clz.o(x$fpl$dsub)
    _dsub                                    0x08005ae5   Thumb Code   464  daddsub_clz.o(x$fpl$dsub)
    __aeabi_f2d                              0x08005cb9   Thumb Code     0  f2d.o(x$fpl$f2d)
    _f2d                                     0x08005cb9   Thumb Code    86  f2d.o(x$fpl$f2d)
    __aeabi_fadd                             0x08005d11   Thumb Code     0  faddsub_clz.o(x$fpl$fadd)
    _fadd                                    0x08005d11   Thumb Code   196  faddsub_clz.o(x$fpl$fadd)
    __fpl_fcmp_Inf                           0x08005dd5   Thumb Code    24  fcmpi.o(x$fpl$fcmpinf)
    __aeabi_f2iz                             0x08005ded   Thumb Code     0  ffix.o(x$fpl$ffix)
    _ffix                                    0x08005ded   Thumb Code    54  ffix.o(x$fpl$ffix)
    __aeabi_i2f                              0x08005e25   Thumb Code     0  fflt_clz.o(x$fpl$fflt)
    _fflt                                    0x08005e25   Thumb Code    48  fflt_clz.o(x$fpl$fflt)
    __aeabi_ui2f                             0x08005e55   Thumb Code     0  fflt_clz.o(x$fpl$ffltu)
    _ffltu                                   0x08005e55   Thumb Code    38  fflt_clz.o(x$fpl$ffltu)
    __aeabi_cfcmple                          0x08005e7d   Thumb Code     0  fleqf.o(x$fpl$fleqf)
    _fcmple                                  0x08005e7d   Thumb Code   104  fleqf.o(x$fpl$fleqf)
    __fpl_fcmple_InfNaN                      0x08005ecf   Thumb Code     0  fleqf.o(x$fpl$fleqf)
    __aeabi_fmul                             0x08005ee5   Thumb Code     0  fmul.o(x$fpl$fmul)
    _fmul                                    0x08005ee5   Thumb Code   258  fmul.o(x$fpl$fmul)
    __fpl_fnaninf                            0x08005fe7   Thumb Code   140  fnaninf.o(x$fpl$fnaninf)
    __fpl_fretinf                            0x08006073   Thumb Code    10  fretinf.o(x$fpl$fretinf)
    __aeabi_frsub                            0x0800607d   Thumb Code     0  faddsub_clz.o(x$fpl$frsb)
    _frsb                                    0x0800607d   Thumb Code    20  faddsub_clz.o(x$fpl$frsb)
    __aeabi_fsub                             0x08006091   Thumb Code     0  faddsub_clz.o(x$fpl$fsub)
    _fsub                                    0x08006091   Thumb Code   234  faddsub_clz.o(x$fpl$fsub)
    _printf_fp_dec                           0x0800617b   Thumb Code     4  printf1.o(x$fpl$printf1)
    F6x8                                     0x0800617e   Data         552  oled.o(.constdata)
    __I$use$fp                               0x0800617e   Number         0  usenofp.o(x$fpl$usenofp)
    F8X16                                    0x080063a6   Data        1520  oled.o(.constdata)
    Region$$Table$$Base                      0x08006a6c   Number         0  anon$$obj.o(Region$$Table)
    Region$$Table$$Limit                     0x08006a8c   Number         0  anon$$obj.o(Region$$Table)
    __ctype                                  0x08006ab5   Data           0  lc_ctype_c.o(locale$$data)
    Time_Cont                                0x20000000   Data           4  main.o(.data)
    TCPServer                                0x20000004   Data          18  main.o(.data)
    Port                                     0x20000016   Data           6  main.o(.data)
    start_flag                               0x2000001c   Data           1  main.o(.data)
    stop_flag                                0x2000001d   Data           1  main.o(.data)
    count11                                  0x20000020   Data           4  main.o(.data)
    SystemCoreClock                          0x20000024   Data           4  system_stm32f10x.o(.data)
    AHBPrescTable                            0x20000028   Data          16  system_stm32f10x.o(.data)
    Hzk                                      0x20000038   Data        1792  oled.o(.data)
    UART4_RX_STA                             0x20000738   Data           2  uart4.o(.data)
    count4                                   0x2000073a   Data           1  uart4.o(.data)
    gprs_flag                                0x2000073c   Data           1  usart3.o(.data)
    point2                                   0x2000073e   Data           2  usart3.o(.data)
    USART3_RX_STA                            0x20000740   Data           2  usart3.o(.data)
    USART2_RX_STA                            0x20000742   Data           2  usart2.o(.data)
    count                                    0x20000744   Data           1  usart2.o(.data)
    __stdout                                 0x2000074c   Data           4  usart.o(.data)
    USART_RX_STA                             0x20000750   Data           2  usart.o(.data)
    UART4_TX_BUF                             0x20000768   Data         100  uart4.o(.bss)
    UART4_RX_BUF                             0x200007cc   Data         800  uart4.o(.bss)
    USART3_RX_BUF                            0x20000aec   Data         600  usart3.o(.bss)
    USART3_TX_BUF                            0x20000d44   Data         600  usart3.o(.bss)
    USART2_RX_BUF                            0x20000f9c   Data         200  usart2.o(.bss)
    USART_RX_BUF                             0x20001064   Data         200  usart.o(.bss)
    __libspace_start                         0x2000112c   Data          96  libspace.o(.bss)
    __temporary_stack_top$libspace           0x2000118c   Data           0  libspace.o(.bss)



==============================================================================

Memory Map of the image

  Image Entry point : 0x08000131

  Load Region LR_IROM1 (Base: 0x08000000, Size: 0x00007320, Max: 0x00080000, ABSOLUTE, COMPRESSED[0x00006ef4])

    Execution Region ER_IROM1 (Exec base: 0x08000000, Load base: 0x08000000, Size: 0x00006bb8, Max: 0x00080000, ABSOLUTE)

    Exec Addr    Load Addr    Size         Type   Attr      Idx    E Section Name        Object

    0x08000000   0x08000000   0x00000130   Data   RO          466    RESET               startup_stm32f10x_hd.o
    0x08000130   0x08000130   0x00000008   Code   RO          667  * !!!main             c_w.l(__main.o)
    0x08000138   0x08000138   0x00000034   Code   RO          983    !!!scatter          c_w.l(__scatter.o)
    0x0800016c   0x0800016c   0x0000005a   Code   RO          981    !!dczerorl2         c_w.l(__dczerorl2.o)
    0x080001c6   0x080001c6   0x00000002   PAD
    0x080001c8   0x080001c8   0x0000001c   Code   RO          985    !!handler_zi        c_w.l(__scatter_zi.o)
    0x080001e4   0x080001e4   0x00000000   Code   RO          650    .ARM.Collect$$_printf_percent$$00000000  c_w.l(_printf_percent.o)
    0x080001e4   0x080001e4   0x00000006   Code   RO          744    .ARM.Collect$$_printf_percent$$00000001  c_w.l(_printf_n.o)
    0x080001ea   0x080001ea   0x00000006   Code   RO          745    .ARM.Collect$$_printf_percent$$00000002  c_w.l(_printf_p.o)
    0x080001f0   0x080001f0   0x00000006   Code   RO          649    .ARM.Collect$$_printf_percent$$00000003  c_w.l(_printf_f.o)
    0x080001f6   0x080001f6   0x00000006   Code   RO          749    .ARM.Collect$$_printf_percent$$00000004  c_w.l(_printf_e.o)
    0x080001fc   0x080001fc   0x00000006   Code   RO          750    .ARM.Collect$$_printf_percent$$00000005  c_w.l(_printf_g.o)
    0x08000202   0x08000202   0x00000006   Code   RO          751    .ARM.Collect$$_printf_percent$$00000006  c_w.l(_printf_a.o)
    0x08000208   0x08000208   0x0000000a   Code   RO          756    .ARM.Collect$$_printf_percent$$00000007  c_w.l(_printf_ll.o)
    0x08000212   0x08000212   0x00000006   Code   RO          747    .ARM.Collect$$_printf_percent$$00000008  c_w.l(_printf_i.o)
    0x08000218   0x08000218   0x00000006   Code   RO          648    .ARM.Collect$$_printf_percent$$00000009  c_w.l(_printf_d.o)
    0x0800021e   0x0800021e   0x00000006   Code   RO          748    .ARM.Collect$$_printf_percent$$0000000A  c_w.l(_printf_u.o)
    0x08000224   0x08000224   0x00000006   Code   RO          746    .ARM.Collect$$_printf_percent$$0000000B  c_w.l(_printf_o.o)
    0x0800022a   0x0800022a   0x00000006   Code   RO          647    .ARM.Collect$$_printf_percent$$0000000C  c_w.l(_printf_x.o)
    0x08000230   0x08000230   0x00000006   Code   RO          753    .ARM.Collect$$_printf_percent$$0000000D  c_w.l(_printf_lli.o)
    0x08000236   0x08000236   0x00000006   Code   RO          754    .ARM.Collect$$_printf_percent$$0000000E  c_w.l(_printf_lld.o)
    0x0800023c   0x0800023c   0x00000006   Code   RO          755    .ARM.Collect$$_printf_percent$$0000000F  c_w.l(_printf_llu.o)
    0x08000242   0x08000242   0x00000006   Code   RO          760    .ARM.Collect$$_printf_percent$$00000010  c_w.l(_printf_llo.o)
    0x08000248   0x08000248   0x00000006   Code   RO          761    .ARM.Collect$$_printf_percent$$00000011  c_w.l(_printf_llx.o)
    0x0800024e   0x0800024e   0x0000000a   Code   RO          757    .ARM.Collect$$_printf_percent$$00000012  c_w.l(_printf_l.o)
    0x08000258   0x08000258   0x00000006   Code   RO          743    .ARM.Collect$$_printf_percent$$00000013  c_w.l(_printf_c.o)
    0x0800025e   0x0800025e   0x00000006   Code   RO          646    .ARM.Collect$$_printf_percent$$00000014  c_w.l(_printf_s.o)
    0x08000264   0x08000264   0x00000006   Code   RO          758    .ARM.Collect$$_printf_percent$$00000015  c_w.l(_printf_lc.o)
    0x0800026a   0x0800026a   0x00000006   Code   RO          759    .ARM.Collect$$_printf_percent$$00000016  c_w.l(_printf_ls.o)
    0x08000270   0x08000270   0x00000004   Code   RO          752    .ARM.Collect$$_printf_percent$$00000017  c_w.l(_printf_percent_end.o)
    0x08000274   0x08000274   0x00000002   Code   RO          855    .ARM.Collect$$libinit$$00000000  c_w.l(libinit.o)
    0x08000276   0x08000276   0x00000000   Code   RO          857    .ARM.Collect$$libinit$$00000002  c_w.l(libinit2.o)
    0x08000276   0x08000276   0x00000000   Code   RO          859    .ARM.Collect$$libinit$$00000004  c_w.l(libinit2.o)
    0x08000276   0x08000276   0x00000000   Code   RO          862    .ARM.Collect$$libinit$$0000000A  c_w.l(libinit2.o)
    0x08000276   0x08000276   0x00000000   Code   RO          864    .ARM.Collect$$libinit$$0000000C  c_w.l(libinit2.o)
    0x08000276   0x08000276   0x00000000   Code   RO          866    .ARM.Collect$$libinit$$0000000E  c_w.l(libinit2.o)
    0x08000276   0x08000276   0x00000006   Code   RO          867    .ARM.Collect$$libinit$$0000000F  c_w.l(libinit2.o)
    0x0800027c   0x0800027c   0x00000000   Code   RO          869    .ARM.Collect$$libinit$$00000011  c_w.l(libinit2.o)
    0x0800027c   0x0800027c   0x0000000c   Code   RO          870    .ARM.Collect$$libinit$$00000012  c_w.l(libinit2.o)
    0x08000288   0x08000288   0x00000000   Code   RO          871    .ARM.Collect$$libinit$$00000013  c_w.l(libinit2.o)
    0x08000288   0x08000288   0x00000000   Code   RO          873    .ARM.Collect$$libinit$$00000015  c_w.l(libinit2.o)
    0x08000288   0x08000288   0x0000000a   Code   RO          874    .ARM.Collect$$libinit$$00000016  c_w.l(libinit2.o)
    0x08000292   0x08000292   0x00000000   Code   RO          875    .ARM.Collect$$libinit$$00000017  c_w.l(libinit2.o)
    0x08000292   0x08000292   0x00000000   Code   RO          877    .ARM.Collect$$libinit$$00000019  c_w.l(libinit2.o)
    0x08000292   0x08000292   0x00000000   Code   RO          879    .ARM.Collect$$libinit$$0000001B  c_w.l(libinit2.o)
    0x08000292   0x08000292   0x00000000   Code   RO          881    .ARM.Collect$$libinit$$0000001D  c_w.l(libinit2.o)
    0x08000292   0x08000292   0x00000000   Code   RO          883    .ARM.Collect$$libinit$$0000001F  c_w.l(libinit2.o)
    0x08000292   0x08000292   0x00000000   Code   RO          885    .ARM.Collect$$libinit$$00000021  c_w.l(libinit2.o)
    0x08000292   0x08000292   0x00000000   Code   RO          887    .ARM.Collect$$libinit$$00000023  c_w.l(libinit2.o)
    0x08000292   0x08000292   0x00000000   Code   RO          889    .ARM.Collect$$libinit$$00000025  c_w.l(libinit2.o)
    0x08000292   0x08000292   0x00000000   Code   RO          893    .ARM.Collect$$libinit$$0000002C  c_w.l(libinit2.o)
    0x08000292   0x08000292   0x00000000   Code   RO          895    .ARM.Collect$$libinit$$0000002E  c_w.l(libinit2.o)
    0x08000292   0x08000292   0x00000000   Code   RO          897    .ARM.Collect$$libinit$$00000030  c_w.l(libinit2.o)
    0x08000292   0x08000292   0x00000000   Code   RO          899    .ARM.Collect$$libinit$$00000032  c_w.l(libinit2.o)
    0x08000292   0x08000292   0x00000002   Code   RO          900    .ARM.Collect$$libinit$$00000033  c_w.l(libinit2.o)
    0x08000294   0x08000294   0x00000002   Code   RO          931    .ARM.Collect$$libshutdown$$00000000  c_w.l(libshutdown.o)
    0x08000296   0x08000296   0x00000000   Code   RO          940    .ARM.Collect$$libshutdown$$00000002  c_w.l(libshutdown2.o)
    0x08000296   0x08000296   0x00000000   Code   RO          942    .ARM.Collect$$libshutdown$$00000004  c_w.l(libshutdown2.o)
    0x08000296   0x08000296   0x00000000   Code   RO          945    .ARM.Collect$$libshutdown$$00000007  c_w.l(libshutdown2.o)
    0x08000296   0x08000296   0x00000000   Code   RO          948    .ARM.Collect$$libshutdown$$0000000A  c_w.l(libshutdown2.o)
    0x08000296   0x08000296   0x00000000   Code   RO          950    .ARM.Collect$$libshutdown$$0000000C  c_w.l(libshutdown2.o)
    0x08000296   0x08000296   0x00000000   Code   RO          953    .ARM.Collect$$libshutdown$$0000000F  c_w.l(libshutdown2.o)
    0x08000296   0x08000296   0x00000002   Code   RO          954    .ARM.Collect$$libshutdown$$00000010  c_w.l(libshutdown2.o)
    0x08000298   0x08000298   0x00000000   Code   RO          715    .ARM.Collect$$rtentry$$00000000  c_w.l(__rtentry.o)
    0x08000298   0x08000298   0x00000000   Code   RO          776    .ARM.Collect$$rtentry$$00000002  c_w.l(__rtentry2.o)
    0x08000298   0x08000298   0x00000006   Code   RO          788    .ARM.Collect$$rtentry$$00000004  c_w.l(__rtentry4.o)
    0x0800029e   0x0800029e   0x00000000   Code   RO          778    .ARM.Collect$$rtentry$$00000009  c_w.l(__rtentry2.o)
    0x0800029e   0x0800029e   0x00000004   Code   RO          779    .ARM.Collect$$rtentry$$0000000A  c_w.l(__rtentry2.o)
    0x080002a2   0x080002a2   0x00000000   Code   RO          781    .ARM.Collect$$rtentry$$0000000C  c_w.l(__rtentry2.o)
    0x080002a2   0x080002a2   0x00000008   Code   RO          782    .ARM.Collect$$rtentry$$0000000D  c_w.l(__rtentry2.o)
    0x080002aa   0x080002aa   0x00000002   Code   RO          901    .ARM.Collect$$rtexit$$00000000  c_w.l(rtexit.o)
    0x080002ac   0x080002ac   0x00000000   Code   RO          911    .ARM.Collect$$rtexit$$00000002  c_w.l(rtexit2.o)
    0x080002ac   0x080002ac   0x00000004   Code   RO          912    .ARM.Collect$$rtexit$$00000003  c_w.l(rtexit2.o)
    0x080002b0   0x080002b0   0x00000006   Code   RO          913    .ARM.Collect$$rtexit$$00000004  c_w.l(rtexit2.o)
    0x080002b6   0x080002b6   0x00000002   PAD
    0x080002b8   0x080002b8   0x00000c64   Code   RO            1    .text               main.o
    0x08000f1c   0x08000f1c   0x0000001a   Code   RO          111    .text               stm32f10x_it.o
    0x08000f36   0x08000f36   0x00000002   PAD
    0x08000f38   0x08000f38   0x000001e0   Code   RO          146    .text               system_stm32f10x.o
    0x08001118   0x08001118   0x00000048   Code   RO          164    .text               led.o
    0x08001160   0x08001160   0x0000019c   Code   RO          219    .text               dht11.o
    0x080012fc   0x080012fc   0x000005ec   Code   RO          231    .text               oled.o
    0x080018e8   0x080018e8   0x0000013c   Code   RO          284    .text               uart4.o
    0x08001a24   0x08001a24   0x000002a8   Code   RO          310    .text               usart3.o
    0x08001ccc   0x08001ccc   0x00000128   Code   RO          339    .text               usart2.o
    0x08001df4   0x08001df4   0x0000008c   Code   RO          358    .text               timer.o
    0x08001e80   0x08001e80   0x000000d4   Code   RO          404    .text               delay.o
    0x08001f54   0x08001f54   0x00000160   Code   RO          430    .text               usart.o
    0x080020b4   0x080020b4   0x00000040   Code   RO          467    .text               startup_stm32f10x_hd.o
    0x080020f4   0x080020f4   0x000000dc   Code   RO          471    .text               misc.o
    0x080021d0   0x080021d0   0x0000035c   Code   RO          495    .text               stm32f10x_gpio.o
    0x0800252c   0x0800252c   0x000003a4   Code   RO          507    .text               stm32f10x_rcc.o
    0x080028d0   0x080028d0   0x00000408   Code   RO          521    .text               stm32f10x_usart.o
    0x08002cd8   0x08002cd8   0x00000254   Code   RO          545    .text               stm32f10x_dma.o
    0x08002f2c   0x08002f2c   0x00000e1a   Code   RO          569    .text               stm32f10x_tim.o
    0x08003d46   0x08003d46   0x00000002   Code   RO          583    .text               c_w.l(use_no_semi_2.o)
    0x08003d48   0x08003d48   0x00000018   Code   RO          585    .text               c_w.l(c89printf.o)
    0x08003d60   0x08003d60   0x00000024   Code   RO          587    .text               c_w.l(c89vsprintf.o)
    0x08003d84   0x08003d84   0x00000018   Code   RO          589    .text               c_w.l(__2printf.o)
    0x08003d9c   0x08003d9c   0x0000002c   Code   RO          591    .text               c_w.l(__2sprintf.o)
    0x08003dc8   0x08003dc8   0x0000004e   Code   RO          599    .text               c_w.l(_printf_pad.o)
    0x08003e16   0x08003e16   0x00000052   Code   RO          601    .text               c_w.l(_printf_str.o)
    0x08003e68   0x08003e68   0x00000078   Code   RO          603    .text               c_w.l(_printf_dec.o)
    0x08003ee0   0x08003ee0   0x00000094   Code   RO          623    .text               c_w.l(_printf_hex_int_ll_ptr.o)
    0x08003f74   0x08003f74   0x00000188   Code   RO          643    .text               c_w.l(__printf_flags_ss_wp.o)
    0x080040fc   0x080040fc   0x00000024   Code   RO          651    .text               c_w.l(strstr.o)
    0x08004120   0x08004120   0x00000048   Code   RO          653    .text               c_w.l(strcpy.o)
    0x08004168   0x08004168   0x0000003e   Code   RO          655    .text               c_w.l(strlen.o)
    0x080041a6   0x080041a6   0x00000018   Code   RO          657    .text               c_w.l(strcat.o)
    0x080041be   0x080041be   0x00000044   Code   RO          659    .text               c_w.l(rt_memclr.o)
    0x08004202   0x08004202   0x0000004e   Code   RO          661    .text               c_w.l(rt_memclr_w.o)
    0x08004250   0x08004250   0x00000080   Code   RO          663    .text               c_w.l(strcmpv7m.o)
    0x080042d0   0x080042d0   0x00000006   Code   RO          665    .text               c_w.l(heapauxi.o)
    0x080042d6   0x080042d6   0x00000002   Code   RO          713    .text               c_w.l(use_no_semi.o)
    0x080042d8   0x080042d8   0x00000024   Code   RO          716    .text               c_w.l(_printf_truncate.o)
    0x080042fc   0x080042fc   0x000000b2   Code   RO          718    .text               c_w.l(_printf_intcommon.o)
    0x080043ae   0x080043ae   0x00000028   Code   RO          720    .text               c_w.l(_printf_charcount.o)
    0x080043d6   0x080043d6   0x0000041e   Code   RO          722    .text               c_w.l(_printf_fp_dec.o)
    0x080047f4   0x080047f4   0x00000030   Code   RO          724    .text               c_w.l(_printf_char_common.o)
    0x08004824   0x08004824   0x0000000a   Code   RO          726    .text               c_w.l(_sputc.o)
    0x0800482e   0x0800482e   0x0000002c   Code   RO          728    .text               c_w.l(_printf_char.o)
    0x0800485a   0x0800485a   0x00000002   PAD
    0x0800485c   0x0800485c   0x00000024   Code   RO          730    .text               c_w.l(_printf_char_file.o)
    0x08004880   0x08004880   0x000000bc   Code   RO          732    .text               c_w.l(_printf_wctomb.o)
    0x0800493c   0x0800493c   0x0000007c   Code   RO          735    .text               c_w.l(_printf_longlong_dec.o)
    0x080049b8   0x080049b8   0x00000070   Code   RO          741    .text               c_w.l(_printf_oct_int_ll.o)
    0x08004a28   0x08004a28   0x00000008   Code   RO          793    .text               c_w.l(rt_locale_intlibspace.o)
    0x08004a30   0x08004a30   0x0000008a   Code   RO          795    .text               c_w.l(lludiv10.o)
    0x08004aba   0x08004aba   0x00000002   PAD
    0x08004abc   0x08004abc   0x00000080   Code   RO          797    .text               c_w.l(_printf_fp_infnan.o)
    0x08004b3c   0x08004b3c   0x0000002c   Code   RO          801    .text               c_w.l(_printf_wchar.o)
    0x08004b68   0x08004b68   0x000000e4   Code   RO          803    .text               c_w.l(bigflt0.o)
    0x08004c4c   0x08004c4c   0x00000008   Code   RO          828    .text               c_w.l(ferror.o)
    0x08004c54   0x08004c54   0x00000040   Code   RO          832    .text               c_w.l(_wcrtomb.o)
    0x08004c94   0x08004c94   0x00000008   Code   RO          841    .text               c_w.l(libspace.o)
    0x08004c9c   0x08004c9c   0x0000004a   Code   RO          844    .text               c_w.l(sys_stackheap_outer.o)
    0x08004ce6   0x08004ce6   0x00000002   PAD
    0x08004ce8   0x08004ce8   0x00000010   Code   RO          846    .text               c_w.l(rt_ctype_table.o)
    0x08004cf8   0x08004cf8   0x00000012   Code   RO          848    .text               c_w.l(exit.o)
    0x08004d0a   0x08004d0a   0x0000003e   Code   RO          806    CL$$btod_d2e        c_w.l(btod.o)
    0x08004d48   0x08004d48   0x00000046   Code   RO          808    CL$$btod_d2e_denorm_low  c_w.l(btod.o)
    0x08004d8e   0x08004d8e   0x00000060   Code   RO          807    CL$$btod_d2e_norm_op1  c_w.l(btod.o)
    0x08004dee   0x08004dee   0x00000338   Code   RO          816    CL$$btod_div_common  c_w.l(btod.o)
    0x08005126   0x08005126   0x000000dc   Code   RO          813    CL$$btod_e2e        c_w.l(btod.o)
    0x08005202   0x08005202   0x0000002a   Code   RO          810    CL$$btod_ediv       c_w.l(btod.o)
    0x0800522c   0x0800522c   0x0000002a   Code   RO          809    CL$$btod_emul       c_w.l(btod.o)
    0x08005256   0x08005256   0x00000244   Code   RO          815    CL$$btod_mult_common  c_w.l(btod.o)
    0x0800549a   0x0800549a   0x00000028   Code   RO          839    i.__ARM_fpclassify  m_ws.l(fpclassify.o)
    0x080054c2   0x080054c2   0x0000000e   Code   RO          636    i._is_digit         c_w.l(__printf_wp.o)
    0x080054d0   0x080054d0   0x0000002c   Code   RO          835    locale$$code        c_w.l(lc_numeric_c.o)
    0x080054fc   0x080054fc   0x0000002c   Code   RO          904    locale$$code        c_w.l(lc_ctype_c.o)
    0x08005528   0x08005528   0x00000150   Code   RO          669    x$fpl$dadd          fz_ws.l(daddsub_clz.o)
    0x08005678   0x08005678   0x00000018   Code   RO          762    x$fpl$dcmpinf       fz_ws.l(dcmpi.o)
    0x08005690   0x08005690   0x000002b0   Code   RO          676    x$fpl$ddiv          fz_ws.l(ddiv.o)
    0x08005940   0x08005940   0x00000078   Code   RO          683    x$fpl$dleqf         fz_ws.l(dleqf.o)
    0x080059b8   0x080059b8   0x0000009c   Code   RO          764    x$fpl$dnaninf       fz_ws.l(dnaninf.o)
    0x08005a54   0x08005a54   0x0000000c   Code   RO          766    x$fpl$dretinf       fz_ws.l(dretinf.o)
    0x08005a60   0x08005a60   0x0000006c   Code   RO          687    x$fpl$drleqf        fz_ws.l(drleqf.o)
    0x08005acc   0x08005acc   0x00000016   Code   RO          670    x$fpl$drsb          fz_ws.l(daddsub_clz.o)
    0x08005ae2   0x08005ae2   0x00000002   PAD
    0x08005ae4   0x08005ae4   0x000001d4   Code   RO          671    x$fpl$dsub          fz_ws.l(daddsub_clz.o)
    0x08005cb8   0x08005cb8   0x00000056   Code   RO          689    x$fpl$f2d           fz_ws.l(f2d.o)
    0x08005d0e   0x08005d0e   0x00000002   PAD
    0x08005d10   0x08005d10   0x000000c4   Code   RO          691    x$fpl$fadd          fz_ws.l(faddsub_clz.o)
    0x08005dd4   0x08005dd4   0x00000018   Code   RO          768    x$fpl$fcmpinf       fz_ws.l(fcmpi.o)
    0x08005dec   0x08005dec   0x00000036   Code   RO          697    x$fpl$ffix          fz_ws.l(ffix.o)
    0x08005e22   0x08005e22   0x00000002   PAD
    0x08005e24   0x08005e24   0x00000030   Code   RO          702    x$fpl$fflt          fz_ws.l(fflt_clz.o)
    0x08005e54   0x08005e54   0x00000026   Code   RO          701    x$fpl$ffltu         fz_ws.l(fflt_clz.o)
    0x08005e7a   0x08005e7a   0x00000002   PAD
    0x08005e7c   0x08005e7c   0x00000068   Code   RO          707    x$fpl$fleqf         fz_ws.l(fleqf.o)
    0x08005ee4   0x08005ee4   0x00000102   Code   RO          709    x$fpl$fmul          fz_ws.l(fmul.o)
    0x08005fe6   0x08005fe6   0x0000008c   Code   RO          770    x$fpl$fnaninf       fz_ws.l(fnaninf.o)
    0x08006072   0x08006072   0x0000000a   Code   RO          772    x$fpl$fretinf       fz_ws.l(fretinf.o)
    0x0800607c   0x0800607c   0x00000014   Code   RO          692    x$fpl$frsb          fz_ws.l(faddsub_clz.o)
    0x08006090   0x08006090   0x000000ea   Code   RO          693    x$fpl$fsub          fz_ws.l(faddsub_clz.o)
    0x0800617a   0x0800617a   0x00000004   Code   RO          711    x$fpl$printf1       fz_ws.l(printf1.o)
    0x0800617e   0x0800617e   0x00000000   Code   RO          774    x$fpl$usenofp       fz_ws.l(usenofp.o)
    0x0800617e   0x0800617e   0x00000818   Data   RO          232    .constdata          oled.o
    0x08006996   0x08006996   0x00000028   Data   RO          624    .constdata          c_w.l(_printf_hex_int_ll_ptr.o)
    0x080069be   0x080069be   0x00000011   Data   RO          644    .constdata          c_w.l(__printf_flags_ss_wp.o)
    0x080069cf   0x080069cf   0x00000001   PAD
    0x080069d0   0x080069d0   0x00000008   Data   RO          733    .constdata          c_w.l(_printf_wctomb.o)
    0x080069d8   0x080069d8   0x00000094   Data   RO          804    .constdata          c_w.l(bigflt0.o)
    0x08006a6c   0x08006a6c   0x00000020   Data   RO          979    Region$$Table       anon$$obj.o
    0x08006a8c   0x08006a8c   0x0000001c   Data   RO          834    locale$$data        c_w.l(lc_numeric_c.o)
    0x08006aa8   0x08006aa8   0x00000110   Data   RO          903    locale$$data        c_w.l(lc_ctype_c.o)


    Execution Region RW_IRAM1 (Exec base: 0x20000000, Load base: 0x08006bb8, Size: 0x00001790, Max: 0x00010000, ABSOLUTE, COMPRESSED[0x0000033c])

    Exec Addr    Load Addr    Size         Type   Attr      Idx    E Section Name        Object

    0x20000000   COMPRESSED   0x00000024   Data   RW            3    .data               main.o
    0x20000024   COMPRESSED   0x00000014   Data   RW          147    .data               system_stm32f10x.o
    0x20000038   COMPRESSED   0x00000700   Data   RW          233    .data               oled.o
    0x20000738   COMPRESSED   0x00000003   Data   RW          286    .data               uart4.o
    0x2000073b   COMPRESSED   0x00000001   PAD
    0x2000073c   COMPRESSED   0x00000006   Data   RW          312    .data               usart3.o
    0x20000742   COMPRESSED   0x00000003   Data   RW          341    .data               usart2.o
    0x20000745   COMPRESSED   0x00000001   PAD
    0x20000746   COMPRESSED   0x00000004   Data   RW          405    .data               delay.o
    0x2000074a   COMPRESSED   0x00000002   PAD
    0x2000074c   COMPRESSED   0x00000006   Data   RW          432    .data               usart.o
    0x20000752   COMPRESSED   0x00000014   Data   RW          508    .data               stm32f10x_rcc.o
    0x20000766   COMPRESSED   0x00000002   PAD
    0x20000768        -       0x00000384   Zero   RW          285    .bss                uart4.o
    0x20000aec        -       0x000004b0   Zero   RW          311    .bss                usart3.o
    0x20000f9c        -       0x000000c8   Zero   RW          340    .bss                usart2.o
    0x20001064        -       0x000000c8   Zero   RW          431    .bss                usart.o
    0x2000112c        -       0x00000060   Zero   RW          842    .bss                c_w.l(libspace.o)
    0x2000118c   COMPRESSED   0x00000004   PAD
    0x20001190        -       0x00000200   Zero   RW          465    HEAP                startup_stm32f10x_hd.o
    0x20001390        -       0x00000400   Zero   RW          464    STACK               startup_stm32f10x_hd.o


==============================================================================

Image component sizes


      Code (inc. data)   RO Data    RW Data    ZI Data      Debug   Object Name

         0          0          0          0          0         32   core_cm3.o
       212         18          0          4          0        995   delay.o
       412         12          0          0          0       2102   dht11.o
        72          4          0          0          0        475   led.o
      3172        672          0         36          0     268203   main.o
       220         22          0          0          0       1761   misc.o
      1516         30       2072       1792          0       5489   oled.o
        64         26        304          0       1536        780   startup_stm32f10x_hd.o
       596          8          0          0          0       4322   stm32f10x_dma.o
       860         38          0          0          0       5693   stm32f10x_gpio.o
        26          0          0          0          0       1158   stm32f10x_it.o
       932         36          0         20          0       8848   stm32f10x_rcc.o
      3610         88          0          0          0      22800   stm32f10x_tim.o
      1032         22          0          0          0       8416   stm32f10x_usart.o
       480         38          0         20          0       1679   system_stm32f10x.o
       140          8          0          0          0        772   timer.o
       316         16          0          3        900       1650   uart4.o
       352         16          0          6        200       3288   usart.o
       296         16          0          3        200       1595   usart2.o
       680         32          0          6       1200       3857   usart3.o

    ----------------------------------------------------------------------
     14990       1102       2408       1896       4036     343915   Object Totals
         0          0         32          0          0          0   (incl. Generated)
         2          0          0          6          0          0   (incl. Padding)

    ----------------------------------------------------------------------

      Code (inc. data)   RO Data    RW Data    ZI Data      Debug   Library Member Name

        24          4          0          0          0         84   __2printf.o
        44          6          0          0          0         84   __2sprintf.o
        90          0          0          0          0          0   __dczerorl2.o
         8          0          0          0          0         68   __main.o
       392          4         17          0          0         92   __printf_flags_ss_wp.o
        14          0          0          0          0         68   __printf_wp.o
         0          0          0          0          0          0   __rtentry.o
        12          0          0          0          0          0   __rtentry2.o
         6          0          0          0          0          0   __rtentry4.o
        52          8          0          0          0          0   __scatter.o
        28          0          0          0          0          0   __scatter_zi.o
         6          0          0          0          0          0   _printf_a.o
         6          0          0          0          0          0   _printf_c.o
        44          0          0          0          0        108   _printf_char.o
        48          6          0          0          0         96   _printf_char_common.o
        36          4          0          0          0         80   _printf_char_file.o
        40          0          0          0          0         68   _printf_charcount.o
         6          0          0          0          0          0   _printf_d.o
       120         16          0          0          0         92   _printf_dec.o
         6          0          0          0          0          0   _printf_e.o
         6          0          0          0          0          0   _printf_f.o
      1054          0          0          0          0        216   _printf_fp_dec.o
       128         16          0          0          0         84   _printf_fp_infnan.o
         6          0          0          0          0          0   _printf_g.o
       148          4         40          0          0        160   _printf_hex_int_ll_ptr.o
         6          0          0          0          0          0   _printf_i.o
       178          0          0          0          0         88   _printf_intcommon.o
        10          0          0          0          0          0   _printf_l.o
         6          0          0          0          0          0   _printf_lc.o
        10          0          0          0          0          0   _printf_ll.o
         6          0          0          0          0          0   _printf_lld.o
         6          0          0          0          0          0   _printf_lli.o
         6          0          0          0          0          0   _printf_llo.o
         6          0          0          0          0          0   _printf_llu.o
         6          0          0          0          0          0   _printf_llx.o
       124         16          0          0          0         92   _printf_longlong_dec.o
         6          0          0          0          0          0   _printf_ls.o
         6          0          0          0          0          0   _printf_n.o
         6          0          0          0          0          0   _printf_o.o
       112         10          0          0          0        124   _printf_oct_int_ll.o
         6          0          0          0          0          0   _printf_p.o
        78          0          0          0          0        108   _printf_pad.o
         0          0          0          0          0          0   _printf_percent.o
         4          0          0          0          0          0   _printf_percent_end.o
         6          0          0          0          0          0   _printf_s.o
        82          0          0          0          0         80   _printf_str.o
        36          0          0          0          0         84   _printf_truncate.o
         6          0          0          0          0          0   _printf_u.o
        44          0          0          0          0        108   _printf_wchar.o
       188          6          8          0          0         92   _printf_wctomb.o
         6          0          0          0          0          0   _printf_x.o
        10          0          0          0          0         68   _sputc.o
        64          0          0          0          0         92   _wcrtomb.o
       228          4        148          0          0         96   bigflt0.o
      1936        128          0          0          0        672   btod.o
        24          4          0          0          0         84   c89printf.o
        36          4          0          0          0         76   c89vsprintf.o
        18          0          0          0          0         80   exit.o
         8          0          0          0          0         68   ferror.o
         6          0          0          0          0        152   heapauxi.o
        44         10        272          0          0         76   lc_ctype_c.o
        44         10         28          0          0         76   lc_numeric_c.o
         2          0          0          0          0          0   libinit.o
        30          0          0          0          0          0   libinit2.o
         2          0          0          0          0          0   libshutdown.o
         2          0          0          0          0          0   libshutdown2.o
         8          4          0          0         96         68   libspace.o
       138          0          0          0          0         80   lludiv10.o
        16          4          0          0          0         76   rt_ctype_table.o
         8          4          0          0          0         68   rt_locale_intlibspace.o
        68          0          0          0          0         68   rt_memclr.o
        78          0          0          0          0         80   rt_memclr_w.o
         2          0          0          0          0          0   rtexit.o
        10          0          0          0          0          0   rtexit2.o
        24          0          0          0          0         68   strcat.o
       128          0          0          0          0         68   strcmpv7m.o
        72          0          0          0          0         80   strcpy.o
        62          0          0          0          0         76   strlen.o
        36          0          0          0          0         80   strstr.o
        74          0          0          0          0         80   sys_stackheap_outer.o
         2          0          0          0          0         68   use_no_semi.o
         2          0          0          0          0         68   use_no_semi_2.o
       826         16          0          0          0        348   daddsub_clz.o
        24          0          0          0          0         68   dcmpi.o
       688        140          0          0          0        208   ddiv.o
       120          4          0          0          0         92   dleqf.o
       156          4          0          0          0         92   dnaninf.o
        12          0          0          0          0         68   dretinf.o
       108          0          0          0          0         80   drleqf.o
        86          4          0          0          0         84   f2d.o
       450          8          0          0          0        236   faddsub_clz.o
        24          0          0          0          0         68   fcmpi.o
        54          4          0          0          0         84   ffix.o
        86          0          0          0          0        136   fflt_clz.o
       104          4          0          0          0         84   fleqf.o
       258          4          0          0          0         84   fmul.o
       140          4          0          0          0         84   fnaninf.o
        10          0          0          0          0         68   fretinf.o
         4          0          0          0          0         68   printf1.o
         0          0          0          0          0          0   usenofp.o
        40          0          0          0          0         68   fpclassify.o

    ----------------------------------------------------------------------
      9664        464        514          0        100       6664   Library Totals
        18          0          1          0          4          0   (incl. Padding)

    ----------------------------------------------------------------------

      Code (inc. data)   RO Data    RW Data    ZI Data      Debug   Library Name

      6456        272        513          0         96       4644   c_w.l
      3150        192          0          0          0       1952   fz_ws.l
        40          0          0          0          0         68   m_ws.l

    ----------------------------------------------------------------------
      9664        464        514          0        100       6664   Library Totals

    ----------------------------------------------------------------------

==============================================================================


      Code (inc. data)   RO Data    RW Data    ZI Data      Debug   

     24654       1566       2922       1896       4136     345375   Grand Totals
     24654       1566       2922        828       4136     345375   ELF Image Totals (compressed)
     24654       1566       2922        828          0          0   ROM Totals

==============================================================================

    Total RO  Size (Code + RO Data)                27576 (  26.93kB)
    Total RW  Size (RW Data + ZI Data)              6032 (   5.89kB)
    Total ROM Size (Code + RO Data + RW Data)      28404 (  27.74kB)

==============================================================================

